-- Logs begin at Mon 2021-08-16 13:11:42 UTC, end at Mon 2021-08-16 15:02:51 UTC. --
Aug 16 13:11:42 localhost kernel: Linux version 4.18.0-305.10.2.el8_4.x86_64 (mockbuild@x86-vm-09.build.eng.bos.redhat.com) (gcc version 8.4.1 20200928 (Red Hat 8.4.1-1) (GCC)) #1 SMP Mon Jul 12 04:43:18 EDT 2021
Aug 16 13:11:42 localhost kernel: Command line: BOOT_IMAGE=(hd0,gpt3)/ostree/rhcos-4db93642d1d8298df8c1c9b655ba64df137a7572854a8dbc6adc8ce6431a9cef/vmlinuz-4.18.0-305.10.2.el8_4.x86_64 random.trust_cpu=on console=tty0 console=ttyS0,115200n8 ignition.platform.id=metal ignition.firstboot ostree=/ostree/boot.1/rhcos/4db93642d1d8298df8c1c9b655ba64df137a7572854a8dbc6adc8ce6431a9cef/0 ip=ens3:dhcp
Aug 16 13:11:42 localhost kernel: x86/fpu: Supporting XSAVE feature 0x001: 'x87 floating point registers'
Aug 16 13:11:42 localhost kernel: x86/fpu: Supporting XSAVE feature 0x002: 'SSE registers'
Aug 16 13:11:42 localhost kernel: x86/fpu: Supporting XSAVE feature 0x004: 'AVX registers'
Aug 16 13:11:42 localhost kernel: x86/fpu: Supporting XSAVE feature 0x008: 'MPX bounds registers'
Aug 16 13:11:42 localhost kernel: x86/fpu: Supporting XSAVE feature 0x010: 'MPX CSR'
Aug 16 13:11:42 localhost kernel: x86/fpu: Supporting XSAVE feature 0x020: 'AVX-512 opmask'
Aug 16 13:11:42 localhost kernel: x86/fpu: Supporting XSAVE feature 0x040: 'AVX-512 Hi256'
Aug 16 13:11:42 localhost kernel: x86/fpu: Supporting XSAVE feature 0x080: 'AVX-512 ZMM_Hi256'
Aug 16 13:11:42 localhost kernel: x86/fpu: Supporting XSAVE feature 0x200: 'Protection Keys User registers'
Aug 16 13:11:42 localhost kernel: x86/fpu: xstate_offset[2]:  576, xstate_sizes[2]:  256
Aug 16 13:11:42 localhost kernel: x86/fpu: xstate_offset[3]:  832, xstate_sizes[3]:   64
Aug 16 13:11:42 localhost kernel: x86/fpu: xstate_offset[4]:  896, xstate_sizes[4]:   64
Aug 16 13:11:42 localhost kernel: x86/fpu: xstate_offset[5]:  960, xstate_sizes[5]:   64
Aug 16 13:11:42 localhost kernel: x86/fpu: xstate_offset[6]: 1024, xstate_sizes[6]:  512
Aug 16 13:11:42 localhost kernel: x86/fpu: xstate_offset[7]: 1536, xstate_sizes[7]: 1024
Aug 16 13:11:42 localhost kernel: x86/fpu: xstate_offset[9]: 2560, xstate_sizes[9]:    8
Aug 16 13:11:42 localhost kernel: x86/fpu: Enabled xstate features 0x2ff, context size is 2568 bytes, using 'compacted' format.
Aug 16 13:11:42 localhost kernel: BIOS-provided physical RAM map:
Aug 16 13:11:42 localhost kernel: BIOS-e820: [mem 0x0000000000000000-0x000000000009fbff] usable
Aug 16 13:11:42 localhost kernel: BIOS-e820: [mem 0x000000000009fc00-0x000000000009ffff] reserved
Aug 16 13:11:42 localhost kernel: BIOS-e820: [mem 0x00000000000f0000-0x00000000000fffff] reserved
Aug 16 13:11:42 localhost kernel: BIOS-e820: [mem 0x0000000000100000-0x00000000bffdafff] usable
Aug 16 13:11:42 localhost kernel: BIOS-e820: [mem 0x00000000bffdb000-0x00000000bfffffff] reserved
Aug 16 13:11:42 localhost kernel: BIOS-e820: [mem 0x00000000feffc000-0x00000000feffffff] reserved
Aug 16 13:11:42 localhost kernel: BIOS-e820: [mem 0x00000000fffc0000-0x00000000ffffffff] reserved
Aug 16 13:11:42 localhost kernel: BIOS-e820: [mem 0x0000000100000000-0x00000004657fffff] usable
Aug 16 13:11:42 localhost kernel: NX (Execute Disable) protection: active
Aug 16 13:11:42 localhost kernel: SMBIOS 2.8 present.
Aug 16 13:11:42 localhost kernel: DMI: Red Hat KVM, BIOS 1.13.0-2.module_el8.4.0+547+a85d02ba 04/01/2014
Aug 16 13:11:42 localhost kernel: Hypervisor detected: KVM
Aug 16 13:11:42 localhost kernel: kvm-clock: Using msrs 4b564d01 and 4b564d00
Aug 16 13:11:42 localhost kernel: kvm-clock: cpu 0, msr 2b8801001, primary cpu clock
Aug 16 13:11:42 localhost kernel: kvm-clock: using sched offset of 661217178028 cycles
Aug 16 13:11:42 localhost kernel: clocksource: kvm-clock: mask: 0xffffffffffffffff max_cycles: 0x1cd42e4dffb, max_idle_ns: 881590591483 ns
Aug 16 13:11:42 localhost kernel: tsc: Detected 2394.374 MHz processor
Aug 16 13:11:42 localhost kernel: e820: update [mem 0x00000000-0x00000fff] usable ==> reserved
Aug 16 13:11:42 localhost kernel: e820: remove [mem 0x000a0000-0x000fffff] usable
Aug 16 13:11:42 localhost kernel: last_pfn = 0x465800 max_arch_pfn = 0x400000000
Aug 16 13:11:42 localhost kernel: MTRR default type: write-back
Aug 16 13:11:42 localhost kernel: MTRR fixed ranges enabled:
Aug 16 13:11:42 localhost kernel:   00000-9FFFF write-back
Aug 16 13:11:42 localhost kernel:   A0000-BFFFF uncachable
Aug 16 13:11:42 localhost kernel:   C0000-FFFFF write-protect
Aug 16 13:11:42 localhost kernel: MTRR variable ranges enabled:
Aug 16 13:11:42 localhost kernel:   0 base 0000C0000000 mask 3FFFC0000000 uncachable
Aug 16 13:11:42 localhost kernel:   1 disabled
Aug 16 13:11:42 localhost kernel:   2 disabled
Aug 16 13:11:42 localhost kernel:   3 disabled
Aug 16 13:11:42 localhost kernel:   4 disabled
Aug 16 13:11:42 localhost kernel:   5 disabled
Aug 16 13:11:42 localhost kernel:   6 disabled
Aug 16 13:11:42 localhost kernel:   7 disabled
Aug 16 13:11:42 localhost kernel: x86/PAT: Configuration [0-7]: WB  WC  UC- UC  WB  WP  UC- WT
Aug 16 13:11:42 localhost kernel: last_pfn = 0xbffdb max_arch_pfn = 0x400000000
Aug 16 13:11:42 localhost kernel: found SMP MP-table at [mem 0x000f5bb0-0x000f5bbf]
Aug 16 13:11:42 localhost kernel: Using GB pages for direct mapping
Aug 16 13:11:42 localhost kernel: BRK [0x2b8a01000, 0x2b8a01fff] PGTABLE
Aug 16 13:11:42 localhost kernel: BRK [0x2b8a02000, 0x2b8a02fff] PGTABLE
Aug 16 13:11:42 localhost kernel: BRK [0x2b8a03000, 0x2b8a03fff] PGTABLE
Aug 16 13:11:42 localhost kernel: BRK [0x2b8a04000, 0x2b8a04fff] PGTABLE
Aug 16 13:11:42 localhost kernel: BRK [0x2b8a05000, 0x2b8a05fff] PGTABLE
Aug 16 13:11:42 localhost kernel: BRK [0x2b8a06000, 0x2b8a06fff] PGTABLE
Aug 16 13:11:42 localhost kernel: BRK [0x2b8a07000, 0x2b8a07fff] PGTABLE
Aug 16 13:11:42 localhost kernel: RAMDISK: [mem 0x2d5e1000-0x32ae8fff]
Aug 16 13:11:42 localhost kernel: ACPI: Early table checksum verification disabled
Aug 16 13:11:42 localhost kernel: ACPI: RSDP 0x00000000000F5B70 000014 (v00 BOCHS )
Aug 16 13:11:42 localhost kernel: ACPI: RSDT 0x00000000BFFE1280 00002C (v01 BOCHS  BXPCRSDT 00000001 BXPC 00000001)
Aug 16 13:11:42 localhost kernel: ACPI: FACP 0x00000000BFFE117C 000074 (v01 BOCHS  BXPCFACP 00000001 BXPC 00000001)
Aug 16 13:11:42 localhost kernel: ACPI: DSDT 0x00000000BFFDFCC0 0014BC (v01 BOCHS  BXPCDSDT 00000001 BXPC 00000001)
Aug 16 13:11:42 localhost kernel: ACPI: FACS 0x00000000BFFDFC80 000040
Aug 16 13:11:42 localhost kernel: ACPI: APIC 0x00000000BFFE11F0 000090 (v01 BOCHS  BXPCAPIC 00000001 BXPC 00000001)
Aug 16 13:11:42 localhost kernel: ACPI: Local APIC address 0xfee00000
Aug 16 13:11:42 localhost kernel: No NUMA configuration found
Aug 16 13:11:42 localhost kernel: Faking a node at [mem 0x0000000000000000-0x00000004657fffff]
Aug 16 13:11:42 localhost kernel: NODE_DATA(0) allocated [mem 0x4657d6000-0x4657fffff]
Aug 16 13:11:42 localhost kernel: Zone ranges:
Aug 16 13:11:42 localhost kernel:   DMA      [mem 0x0000000000001000-0x0000000000ffffff]
Aug 16 13:11:42 localhost kernel:   DMA32    [mem 0x0000000001000000-0x00000000ffffffff]
Aug 16 13:11:42 localhost kernel:   Normal   [mem 0x0000000100000000-0x00000004657fffff]
Aug 16 13:11:42 localhost kernel:   Device   empty
Aug 16 13:11:42 localhost kernel: Movable zone start for each node
Aug 16 13:11:42 localhost kernel: Early memory node ranges
Aug 16 13:11:42 localhost kernel:   node   0: [mem 0x0000000000001000-0x000000000009efff]
Aug 16 13:11:42 localhost kernel:   node   0: [mem 0x0000000000100000-0x00000000bffdafff]
Aug 16 13:11:42 localhost kernel:   node   0: [mem 0x0000000100000000-0x00000004657fffff]
Aug 16 13:11:42 localhost kernel: Zeroed struct page in unavailable ranges: 10375 pages
Aug 16 13:11:42 localhost kernel: Initmem setup node 0 [mem 0x0000000000001000-0x00000004657fffff]
Aug 16 13:11:42 localhost kernel: On node 0 totalpages: 4347769
Aug 16 13:11:42 localhost kernel:   DMA zone: 64 pages used for memmap
Aug 16 13:11:42 localhost kernel:   DMA zone: 21 pages reserved
Aug 16 13:11:42 localhost kernel:   DMA zone: 3998 pages, LIFO batch:0
Aug 16 13:11:42 localhost kernel:   DMA32 zone: 12224 pages used for memmap
Aug 16 13:11:42 localhost kernel:   DMA32 zone: 782299 pages, LIFO batch:63
Aug 16 13:11:42 localhost kernel:   Normal zone: 55648 pages used for memmap
Aug 16 13:11:42 localhost kernel:   Normal zone: 3561472 pages, LIFO batch:63
Aug 16 13:11:42 localhost kernel: ACPI: PM-Timer IO Port: 0x608
Aug 16 13:11:42 localhost kernel: ACPI: Local APIC address 0xfee00000
Aug 16 13:11:42 localhost kernel: ACPI: LAPIC_NMI (acpi_id[0xff] dfl dfl lint[0x1])
Aug 16 13:11:42 localhost kernel: IOAPIC[0]: apic_id 0, version 17, address 0xfec00000, GSI 0-23
Aug 16 13:11:42 localhost kernel: ACPI: INT_SRC_OVR (bus 0 bus_irq 0 global_irq 2 dfl dfl)
Aug 16 13:11:42 localhost kernel: ACPI: INT_SRC_OVR (bus 0 bus_irq 5 global_irq 5 high level)
Aug 16 13:11:42 localhost kernel: ACPI: INT_SRC_OVR (bus 0 bus_irq 9 global_irq 9 high level)
Aug 16 13:11:42 localhost kernel: ACPI: INT_SRC_OVR (bus 0 bus_irq 10 global_irq 10 high level)
Aug 16 13:11:42 localhost kernel: ACPI: INT_SRC_OVR (bus 0 bus_irq 11 global_irq 11 high level)
Aug 16 13:11:42 localhost kernel: ACPI: IRQ0 used by override.
Aug 16 13:11:42 localhost kernel: ACPI: IRQ5 used by override.
Aug 16 13:11:42 localhost kernel: ACPI: IRQ9 used by override.
Aug 16 13:11:42 localhost kernel: ACPI: IRQ10 used by override.
Aug 16 13:11:42 localhost kernel: ACPI: IRQ11 used by override.
Aug 16 13:11:42 localhost kernel: Using ACPI (MADT) for SMP configuration information
Aug 16 13:11:42 localhost kernel: smpboot: Allowing 4 CPUs, 0 hotplug CPUs
Aug 16 13:11:42 localhost kernel: kvm-guest: KVM setup pv remote TLB flush
Aug 16 13:11:42 localhost kernel: kvm-guest: setup PV sched yield
Aug 16 13:11:42 localhost kernel: PM: Registered nosave memory: [mem 0x00000000-0x00000fff]
Aug 16 13:11:42 localhost kernel: PM: Registered nosave memory: [mem 0x0009f000-0x0009ffff]
Aug 16 13:11:42 localhost kernel: PM: Registered nosave memory: [mem 0x000a0000-0x000effff]
Aug 16 13:11:42 localhost kernel: PM: Registered nosave memory: [mem 0x000f0000-0x000fffff]
Aug 16 13:11:42 localhost kernel: PM: Registered nosave memory: [mem 0xbffdb000-0xbfffffff]
Aug 16 13:11:42 localhost kernel: PM: Registered nosave memory: [mem 0xc0000000-0xfeffbfff]
Aug 16 13:11:42 localhost kernel: PM: Registered nosave memory: [mem 0xfeffc000-0xfeffffff]
Aug 16 13:11:42 localhost kernel: PM: Registered nosave memory: [mem 0xff000000-0xfffbffff]
Aug 16 13:11:42 localhost kernel: PM: Registered nosave memory: [mem 0xfffc0000-0xffffffff]
Aug 16 13:11:42 localhost kernel: [mem 0xc0000000-0xfeffbfff] available for PCI devices
Aug 16 13:11:42 localhost kernel: Booting paravirtualized kernel on KVM
Aug 16 13:11:42 localhost kernel: clocksource: refined-jiffies: mask: 0xffffffff max_cycles: 0xffffffff, max_idle_ns: 1910969940391419 ns
Aug 16 13:11:42 localhost kernel: setup_percpu: NR_CPUS:8192 nr_cpumask_bits:4 nr_cpu_ids:4 nr_node_ids:1
Aug 16 13:11:42 localhost kernel: percpu: Embedded 54 pages/cpu s184320 r8192 d28672 u524288
Aug 16 13:11:42 localhost kernel: pcpu-alloc: s184320 r8192 d28672 u524288 alloc=1*2097152
Aug 16 13:11:42 localhost kernel: pcpu-alloc: [0] 0 1 2 3
Aug 16 13:11:42 localhost kernel: kvm-guest: stealtime: cpu 0, msr 454a2c080
Aug 16 13:11:42 localhost kernel: kvm-guest: PV spinlocks enabled
Aug 16 13:11:42 localhost kernel: PV qspinlock hash table entries: 256 (order: 0, 4096 bytes)
Aug 16 13:11:42 localhost kernel: Built 1 zonelists, mobility grouping on.  Total pages: 4279812
Aug 16 13:11:42 localhost kernel: Policy zone: Normal
Aug 16 13:11:42 localhost kernel: Kernel command line: BOOT_IMAGE=(hd0,gpt3)/ostree/rhcos-4db93642d1d8298df8c1c9b655ba64df137a7572854a8dbc6adc8ce6431a9cef/vmlinuz-4.18.0-305.10.2.el8_4.x86_64 random.trust_cpu=on console=tty0 console=ttyS0,115200n8 ignition.platform.id=metal ignition.firstboot ostree=/ostree/boot.1/rhcos/4db93642d1d8298df8c1c9b655ba64df137a7572854a8dbc6adc8ce6431a9cef/0 ip=ens3:dhcp
Aug 16 13:11:42 localhost kernel: Specific versions of hardware are certified with Red Hat Enterprise Linux 8. Please see the list of hardware certified with Red Hat Enterprise Linux 8 at https://catalog.redhat.com.
Aug 16 13:11:42 localhost kernel: Memory: 3123568K/17391076K available (12293K kernel code, 2226K rwdata, 7708K rodata, 2476K init, 14048K bss, 471684K reserved, 0K cma-reserved)
Aug 16 13:11:42 localhost kernel: SLUB: HWalign=64, Order=0-3, MinObjects=0, CPUs=4, Nodes=1
Aug 16 13:11:42 localhost kernel: ftrace: allocating 38577 entries in 151 pages
Aug 16 13:11:42 localhost kernel: ftrace: allocated 151 pages with 5 groups
Aug 16 13:11:42 localhost kernel: rcu: Hierarchical RCU implementation.
Aug 16 13:11:42 localhost kernel: rcu:         RCU restricting CPUs from NR_CPUS=8192 to nr_cpu_ids=4.
Aug 16 13:11:42 localhost kernel: rcu: RCU calculated value of scheduler-enlistment delay is 100 jiffies.
Aug 16 13:11:42 localhost kernel: rcu: Adjusting geometry for rcu_fanout_leaf=16, nr_cpu_ids=4
Aug 16 13:11:42 localhost kernel: NR_IRQS: 524544, nr_irqs: 456, preallocated irqs: 16
Aug 16 13:11:42 localhost kernel: random: crng done (trusting CPU's manufacturer)
Aug 16 13:11:42 localhost kernel: Console: colour VGA+ 80x25
Aug 16 13:11:42 localhost kernel: printk: console [tty0] enabled
Aug 16 13:11:42 localhost kernel: printk: console [ttyS0] enabled
Aug 16 13:11:42 localhost kernel: ACPI: Core revision 20200925
Aug 16 13:11:42 localhost kernel: APIC: Switch to symmetric I/O mode setup
Aug 16 13:11:42 localhost kernel: x2apic enabled
Aug 16 13:11:42 localhost kernel: Switched APIC routing to physical x2apic.
Aug 16 13:11:42 localhost kernel: kvm-guest: setup PV IPIs
Aug 16 13:11:42 localhost kernel: clocksource: tsc-early: mask: 0xffffffffffffffff max_cycles: 0x228374dae5d, max_idle_ns: 440795268352 ns
Aug 16 13:11:42 localhost kernel: Calibrating delay loop (skipped) preset value.. 4788.74 BogoMIPS (lpj=2394374)
Aug 16 13:11:42 localhost kernel: pid_max: default: 32768 minimum: 301
Aug 16 13:11:42 localhost kernel: Security Framework initialized
Aug 16 13:11:42 localhost kernel: Yama: becoming mindful.
Aug 16 13:11:42 localhost kernel: SELinux:  Initializing.
Aug 16 13:11:42 localhost kernel: Dentry cache hash table entries: 4194304 (order: 13, 33554432 bytes)
Aug 16 13:11:42 localhost kernel: Inode-cache hash table entries: 2097152 (order: 12, 16777216 bytes)
Aug 16 13:11:42 localhost kernel: Mount-cache hash table entries: 65536 (order: 7, 524288 bytes)
Aug 16 13:11:42 localhost kernel: Mountpoint-cache hash table entries: 65536 (order: 7, 524288 bytes)
Aug 16 13:11:42 localhost kernel: x86/cpu: User Mode Instruction Prevention (UMIP) activated
Aug 16 13:11:42 localhost kernel: Last level iTLB entries: 4KB 0, 2MB 0, 4MB 0
Aug 16 13:11:42 localhost kernel: Last level dTLB entries: 4KB 0, 2MB 0, 4MB 0, 1GB 0
Aug 16 13:11:42 localhost kernel: FEATURE SPEC_CTRL Present
Aug 16 13:11:42 localhost kernel: FEATURE IBPB_SUPPORT Present
Aug 16 13:11:42 localhost kernel: Spectre V1 : Mitigation: usercopy/swapgs barriers and __user pointer sanitization
Aug 16 13:11:42 localhost kernel: Spectre V2 : Mitigation: Enhanced IBRS
Aug 16 13:11:42 localhost kernel: Spectre V2 : Spectre v2 / SpectreRSB mitigation: Filling RSB on context switch
Aug 16 13:11:42 localhost kernel: Spectre V2 : mitigation: Enabling conditional Indirect Branch Prediction Barrier
Aug 16 13:11:42 localhost kernel: Speculative Store Bypass: Mitigation: Speculative Store Bypass disabled via prctl and seccomp
Aug 16 13:11:42 localhost kernel: TAA: Mitigation: TSX disabled
Aug 16 13:11:42 localhost kernel: Freeing SMP alternatives memory: 32K
Aug 16 13:11:42 localhost kernel: TSC deadline timer enabled
Aug 16 13:11:42 localhost kernel: smpboot: CPU0: Intel(R) Xeon(R) Platinum 8260 CPU @ 2.40GHz (family: 0x6, model: 0x55, stepping: 0x7)
Aug 16 13:11:42 localhost kernel: Performance Events: Skylake events, full-width counters, Intel PMU driver.
Aug 16 13:11:42 localhost kernel: ... version:                2
Aug 16 13:11:42 localhost kernel: ... bit width:              48
Aug 16 13:11:42 localhost kernel: ... generic registers:      4
Aug 16 13:11:42 localhost kernel: ... value mask:             0000ffffffffffff
Aug 16 13:11:42 localhost kernel: ... max period:             00007fffffffffff
Aug 16 13:11:42 localhost kernel: ... fixed-purpose events:   3
Aug 16 13:11:42 localhost kernel: ... event mask:             000000070000000f
Aug 16 13:11:42 localhost kernel: rcu: Hierarchical SRCU implementation.
Aug 16 13:11:42 localhost kernel: smp: Bringing up secondary CPUs ...
Aug 16 13:11:42 localhost kernel: x86: Booting SMP configuration:
Aug 16 13:11:42 localhost kernel: .... node  #0, CPUs:      #1
Aug 16 13:11:42 localhost kernel: kvm-clock: cpu 1, msr 2b8801041, secondary cpu clock
Aug 16 13:11:42 localhost kernel: smpboot: CPU 1 Converting physical 0 to logical die 1
Aug 16 13:11:42 localhost kernel: kvm-guest: stealtime: cpu 1, msr 454aac080
Aug 16 13:11:42 localhost kernel:  #2
Aug 16 13:11:42 localhost kernel: kvm-clock: cpu 2, msr 2b8801081, secondary cpu clock
Aug 16 13:11:42 localhost kernel: smpboot: CPU 2 Converting physical 0 to logical die 2
Aug 16 13:11:42 localhost kernel: kvm-guest: stealtime: cpu 2, msr 454b2c080
Aug 16 13:11:42 localhost kernel:  #3
Aug 16 13:11:42 localhost kernel: kvm-clock: cpu 3, msr 2b88010c1, secondary cpu clock
Aug 16 13:11:42 localhost kernel: smpboot: CPU 3 Converting physical 0 to logical die 3
Aug 16 13:11:42 localhost kernel: kvm-guest: stealtime: cpu 3, msr 454bac080
Aug 16 13:11:42 localhost kernel: smp: Brought up 1 node, 4 CPUs
Aug 16 13:11:42 localhost kernel: smpboot: Max logical packages: 4
Aug 16 13:11:42 localhost kernel: smpboot: Total of 4 processors activated (19154.99 BogoMIPS)
Aug 16 13:11:42 localhost kernel: node 0 deferred pages initialised in 31ms
Aug 16 13:11:42 localhost kernel: devtmpfs: initialized
Aug 16 13:11:42 localhost kernel: x86/mm: Memory block size: 128MB
Aug 16 13:11:42 localhost kernel: clocksource: jiffies: mask: 0xffffffff max_cycles: 0xffffffff, max_idle_ns: 1911260446275000 ns
Aug 16 13:11:42 localhost kernel: futex hash table entries: 1024 (order: 4, 65536 bytes)
Aug 16 13:11:42 localhost kernel: pinctrl core: initialized pinctrl subsystem
Aug 16 13:11:42 localhost kernel: NET: Registered protocol family 16
Aug 16 13:11:42 localhost kernel: DMA: preallocated 4096 KiB GFP_KERNEL pool for atomic allocations
Aug 16 13:11:42 localhost kernel: DMA: preallocated 4096 KiB GFP_KERNEL|GFP_DMA pool for atomic allocations
Aug 16 13:11:42 localhost kernel: DMA: preallocated 4096 KiB GFP_KERNEL|GFP_DMA32 pool for atomic allocations
Aug 16 13:11:42 localhost kernel: audit: initializing netlink subsys (disabled)
Aug 16 13:11:42 localhost kernel: audit: type=2000 audit(1629119499.720:1): state=initialized audit_enabled=0 res=1
Aug 16 13:11:42 localhost kernel: cpuidle: using governor menu
Aug 16 13:11:42 localhost kernel: ACPI: bus type PCI registered
Aug 16 13:11:42 localhost kernel: acpiphp: ACPI Hot Plug PCI Controller Driver version: 0.5
Aug 16 13:11:42 localhost kernel: PCI: Using configuration type 1 for base access
Aug 16 13:11:42 localhost kernel: HugeTLB registered 1.00 GiB page size, pre-allocated 0 pages
Aug 16 13:11:42 localhost kernel: HugeTLB registered 2.00 MiB page size, pre-allocated 0 pages
Aug 16 13:11:42 localhost kernel: cryptd: max_cpu_qlen set to 1000
Aug 16 13:11:42 localhost kernel: ACPI: Added _OSI(Module Device)
Aug 16 13:11:42 localhost kernel: ACPI: Added _OSI(Processor Device)
Aug 16 13:11:42 localhost kernel: ACPI: Added _OSI(3.0 _SCP Extensions)
Aug 16 13:11:42 localhost kernel: ACPI: Added _OSI(Processor Aggregator Device)
Aug 16 13:11:42 localhost kernel: ACPI: Added _OSI(Linux-Dell-Video)
Aug 16 13:11:42 localhost kernel: ACPI: Added _OSI(Linux-Lenovo-NV-HDMI-Audio)
Aug 16 13:11:42 localhost kernel: ACPI: Added _OSI(Linux-HPI-Hybrid-Graphics)
Aug 16 13:11:42 localhost kernel: ACPI: 1 ACPI AML tables successfully acquired and loaded
Aug 16 13:11:42 localhost kernel: ACPI: Interpreter enabled
Aug 16 13:11:42 localhost kernel: ACPI: (supports S0 S5)
Aug 16 13:11:42 localhost kernel: ACPI: Using IOAPIC for interrupt routing
Aug 16 13:11:42 localhost kernel: PCI: Using host bridge windows from ACPI; if necessary, use "pci=nocrs" and report a bug
Aug 16 13:11:42 localhost kernel: ACPI: Enabled 2 GPEs in block 00 to 0F
Aug 16 13:11:42 localhost kernel: ACPI: PCI Root Bridge [PCI0] (domain 0000 [bus 00-ff])
Aug 16 13:11:42 localhost kernel: acpi PNP0A03:00: _OSC: OS supports [ASPM ClockPM Segments MSI EDR HPX-Type3]
Aug 16 13:11:42 localhost kernel: acpi PNP0A03:00: fail to add MMCONFIG information, can't access extended PCI configuration space under this bridge.
Aug 16 13:11:42 localhost kernel: acpiphp: Slot [3] registered
Aug 16 13:11:42 localhost kernel: acpiphp: Slot [4] registered
Aug 16 13:11:42 localhost kernel: acpiphp: Slot [5] registered
Aug 16 13:11:42 localhost kernel: acpiphp: Slot [6] registered
Aug 16 13:11:42 localhost kernel: acpiphp: Slot [7] registered
Aug 16 13:11:42 localhost kernel: acpiphp: Slot [8] registered
Aug 16 13:11:42 localhost kernel: acpiphp: Slot [9] registered
Aug 16 13:11:42 localhost kernel: acpiphp: Slot [10] registered
Aug 16 13:11:42 localhost kernel: acpiphp: Slot [11] registered
Aug 16 13:11:42 localhost kernel: acpiphp: Slot [12] registered
Aug 16 13:11:42 localhost kernel: acpiphp: Slot [13] registered
Aug 16 13:11:42 localhost kernel: acpiphp: Slot [14] registered
Aug 16 13:11:42 localhost kernel: acpiphp: Slot [15] registered
Aug 16 13:11:42 localhost kernel: acpiphp: Slot [16] registered
Aug 16 13:11:42 localhost kernel: acpiphp: Slot [17] registered
Aug 16 13:11:42 localhost kernel: acpiphp: Slot [18] registered
Aug 16 13:11:42 localhost kernel: acpiphp: Slot [19] registered
Aug 16 13:11:42 localhost kernel: acpiphp: Slot [20] registered
Aug 16 13:11:42 localhost kernel: acpiphp: Slot [21] registered
Aug 16 13:11:42 localhost kernel: acpiphp: Slot [22] registered
Aug 16 13:11:42 localhost kernel: acpiphp: Slot [23] registered
Aug 16 13:11:42 localhost kernel: acpiphp: Slot [24] registered
Aug 16 13:11:42 localhost kernel: acpiphp: Slot [25] registered
Aug 16 13:11:42 localhost kernel: acpiphp: Slot [26] registered
Aug 16 13:11:42 localhost kernel: acpiphp: Slot [27] registered
Aug 16 13:11:42 localhost kernel: acpiphp: Slot [28] registered
Aug 16 13:11:42 localhost kernel: acpiphp: Slot [29] registered
Aug 16 13:11:42 localhost kernel: acpiphp: Slot [30] registered
Aug 16 13:11:42 localhost kernel: acpiphp: Slot [31] registered
Aug 16 13:11:42 localhost kernel: PCI host bridge to bus 0000:00
Aug 16 13:11:42 localhost kernel: pci_bus 0000:00: root bus resource [io  0x0000-0x0cf7 window]
Aug 16 13:11:42 localhost kernel: pci_bus 0000:00: root bus resource [io  0x0d00-0xffff window]
Aug 16 13:11:42 localhost kernel: pci_bus 0000:00: root bus resource [mem 0x000a0000-0x000bffff window]
Aug 16 13:11:42 localhost kernel: pci_bus 0000:00: root bus resource [mem 0xc0000000-0xfebfffff window]
Aug 16 13:11:42 localhost kernel: pci_bus 0000:00: root bus resource [mem 0x480000000-0x4ffffffff window]
Aug 16 13:11:42 localhost kernel: pci_bus 0000:00: root bus resource [bus 00-ff]
Aug 16 13:11:42 localhost kernel: pci 0000:00:00.0: [8086:1237] type 00 class 0x060000
Aug 16 13:11:42 localhost kernel: pci 0000:00:01.0: [8086:7000] type 00 class 0x060100
Aug 16 13:11:42 localhost kernel: pci 0000:00:01.1: [8086:7010] type 00 class 0x010180
Aug 16 13:11:42 localhost kernel: pci 0000:00:01.1: reg 0x20: [io  0xc120-0xc12f]
Aug 16 13:11:42 localhost kernel: pci 0000:00:01.1: legacy IDE quirk: reg 0x10: [io  0x01f0-0x01f7]
Aug 16 13:11:42 localhost kernel: pci 0000:00:01.1: legacy IDE quirk: reg 0x14: [io  0x03f6]
Aug 16 13:11:42 localhost kernel: pci 0000:00:01.1: legacy IDE quirk: reg 0x18: [io  0x0170-0x0177]
Aug 16 13:11:42 localhost kernel: pci 0000:00:01.1: legacy IDE quirk: reg 0x1c: [io  0x0376]
Aug 16 13:11:42 localhost kernel: pci 0000:00:01.2: [8086:7020] type 00 class 0x0c0300
Aug 16 13:11:42 localhost kernel: pci 0000:00:01.2: reg 0x20: [io  0xc080-0xc09f]
Aug 16 13:11:42 localhost kernel: pci 0000:00:01.3: [8086:7113] type 00 class 0x068000
Aug 16 13:11:42 localhost kernel: pci 0000:00:01.3: quirk: [io  0x0600-0x063f] claimed by PIIX4 ACPI
Aug 16 13:11:42 localhost kernel: pci 0000:00:01.3: quirk: [io  0x0700-0x070f] claimed by PIIX4 SMB
Aug 16 13:11:42 localhost kernel: pci 0000:00:02.0: [1013:00b8] type 00 class 0x030000
Aug 16 13:11:42 localhost kernel: pci 0000:00:02.0: reg 0x10: [mem 0xfc000000-0xfdffffff pref]
Aug 16 13:11:42 localhost kernel: pci 0000:00:02.0: reg 0x14: [mem 0xfebd0000-0xfebd0fff]
Aug 16 13:11:42 localhost kernel: pci 0000:00:02.0: reg 0x30: [mem 0xfebc0000-0xfebcffff pref]
Aug 16 13:11:42 localhost kernel: pci 0000:00:03.0: [1af4:1000] type 00 class 0x020000
Aug 16 13:11:42 localhost kernel: pci 0000:00:03.0: reg 0x10: [io  0xc0a0-0xc0bf]
Aug 16 13:11:42 localhost kernel: pci 0000:00:03.0: reg 0x14: [mem 0xfebd1000-0xfebd1fff]
Aug 16 13:11:42 localhost kernel: pci 0000:00:03.0: reg 0x20: [mem 0xfe000000-0xfe003fff 64bit pref]
Aug 16 13:11:42 localhost kernel: pci 0000:00:03.0: reg 0x30: [mem 0xfeb40000-0xfeb7ffff pref]
Aug 16 13:11:42 localhost kernel: pci 0000:00:04.0: [1af4:1000] type 00 class 0x020000
Aug 16 13:11:42 localhost kernel: pci 0000:00:04.0: reg 0x10: [io  0xc0c0-0xc0df]
Aug 16 13:11:42 localhost kernel: pci 0000:00:04.0: reg 0x14: [mem 0xfebd2000-0xfebd2fff]
Aug 16 13:11:42 localhost kernel: pci 0000:00:04.0: reg 0x20: [mem 0xfe004000-0xfe007fff 64bit pref]
Aug 16 13:11:42 localhost kernel: pci 0000:00:04.0: reg 0x30: [mem 0xfeb80000-0xfebbffff pref]
Aug 16 13:11:42 localhost kernel: pci 0000:00:05.0: [1af4:1003] type 00 class 0x078000
Aug 16 13:11:42 localhost kernel: pci 0000:00:05.0: reg 0x10: [io  0xc000-0xc03f]
Aug 16 13:11:42 localhost kernel: pci 0000:00:05.0: reg 0x14: [mem 0xfebd3000-0xfebd3fff]
Aug 16 13:11:42 localhost kernel: pci 0000:00:05.0: reg 0x20: [mem 0xfe008000-0xfe00bfff 64bit pref]
Aug 16 13:11:42 localhost kernel: pci 0000:00:06.0: [1af4:1001] type 00 class 0x010000
Aug 16 13:11:42 localhost kernel: pci 0000:00:06.0: reg 0x10: [io  0xc040-0xc07f]
Aug 16 13:11:42 localhost kernel: pci 0000:00:06.0: reg 0x14: [mem 0xfebd4000-0xfebd4fff]
Aug 16 13:11:42 localhost kernel: pci 0000:00:06.0: reg 0x20: [mem 0xfe00c000-0xfe00ffff 64bit pref]
Aug 16 13:11:42 localhost kernel: pci 0000:00:07.0: [1af4:1002] type 00 class 0x00ff00
Aug 16 13:11:42 localhost kernel: pci 0000:00:07.0: reg 0x10: [io  0xc0e0-0xc0ff]
Aug 16 13:11:42 localhost kernel: pci 0000:00:07.0: reg 0x20: [mem 0xfe010000-0xfe013fff 64bit pref]
Aug 16 13:11:42 localhost kernel: pci 0000:00:08.0: [1af4:1005] type 00 class 0x00ff00
Aug 16 13:11:42 localhost kernel: pci 0000:00:08.0: reg 0x10: [io  0xc100-0xc11f]
Aug 16 13:11:42 localhost kernel: pci 0000:00:08.0: reg 0x20: [mem 0xfe014000-0xfe017fff 64bit pref]
Aug 16 13:11:42 localhost kernel: ACPI: PCI Interrupt Link [LNKA] (IRQs 5 *10 11)
Aug 16 13:11:42 localhost kernel: ACPI: PCI Interrupt Link [LNKB] (IRQs 5 *10 11)
Aug 16 13:11:42 localhost kernel: ACPI: PCI Interrupt Link [LNKC] (IRQs 5 10 *11)
Aug 16 13:11:42 localhost kernel: ACPI: PCI Interrupt Link [LNKD] (IRQs 5 10 *11)
Aug 16 13:11:42 localhost kernel: ACPI: PCI Interrupt Link [LNKS] (IRQs *9)
Aug 16 13:11:42 localhost kernel: iommu: Default domain type: Passthrough
Aug 16 13:11:42 localhost kernel: pci 0000:00:02.0: vgaarb: setting as boot VGA device
Aug 16 13:11:42 localhost kernel: pci 0000:00:02.0: vgaarb: VGA device added: decodes=io+mem,owns=io+mem,locks=none
Aug 16 13:11:42 localhost kernel: pci 0000:00:02.0: vgaarb: bridge control possible
Aug 16 13:11:42 localhost kernel: vgaarb: loaded
Aug 16 13:11:42 localhost kernel: SCSI subsystem initialized
Aug 16 13:11:42 localhost kernel: ACPI: bus type USB registered
Aug 16 13:11:42 localhost kernel: usbcore: registered new interface driver usbfs
Aug 16 13:11:42 localhost kernel: usbcore: registered new interface driver hub
Aug 16 13:11:42 localhost kernel: usbcore: registered new device driver usb
Aug 16 13:11:42 localhost kernel: pps_core: LinuxPPS API ver. 1 registered
Aug 16 13:11:42 localhost kernel: pps_core: Software ver. 5.3.6 - Copyright 2005-2007 Rodolfo Giometti <giometti@linux.it>
Aug 16 13:11:42 localhost kernel: PTP clock support registered
Aug 16 13:11:42 localhost kernel: EDAC MC: Ver: 3.0.0
Aug 16 13:11:42 localhost kernel: PCI: Using ACPI for IRQ routing
Aug 16 13:11:42 localhost kernel: PCI: pci_cache_line_size set to 64 bytes
Aug 16 13:11:42 localhost kernel: e820: reserve RAM buffer [mem 0x0009fc00-0x0009ffff]
Aug 16 13:11:42 localhost kernel: e820: reserve RAM buffer [mem 0xbffdb000-0xbfffffff]
Aug 16 13:11:42 localhost kernel: e820: reserve RAM buffer [mem 0x465800000-0x467ffffff]
Aug 16 13:11:42 localhost kernel: NetLabel: Initializing
Aug 16 13:11:42 localhost kernel: NetLabel:  domain hash size = 128
Aug 16 13:11:42 localhost kernel: NetLabel:  protocols = UNLABELED CIPSOv4 CALIPSO
Aug 16 13:11:42 localhost kernel: NetLabel:  unlabeled traffic allowed by default
Aug 16 13:11:42 localhost kernel: clocksource: Switched to clocksource kvm-clock
Aug 16 13:11:42 localhost kernel: VFS: Disk quotas dquot_6.6.0
Aug 16 13:11:42 localhost kernel: VFS: Dquot-cache hash table entries: 512 (order 0, 4096 bytes)
Aug 16 13:11:42 localhost kernel: pnp: PnP ACPI init
Aug 16 13:11:42 localhost kernel: pnp 00:00: Plug and Play ACPI device, IDs PNP0b00 (active)
Aug 16 13:11:42 localhost kernel: pnp 00:01: Plug and Play ACPI device, IDs PNP0303 (active)
Aug 16 13:11:42 localhost kernel: pnp 00:02: Plug and Play ACPI device, IDs PNP0f13 (active)
Aug 16 13:11:42 localhost kernel: pnp 00:03: [dma 2]
Aug 16 13:11:42 localhost kernel: pnp 00:03: Plug and Play ACPI device, IDs PNP0700 (active)
Aug 16 13:11:42 localhost kernel: pnp 00:04: Plug and Play ACPI device, IDs PNP0501 (active)
Aug 16 13:11:42 localhost kernel: pnp: PnP ACPI: found 5 devices
Aug 16 13:11:42 localhost kernel: clocksource: acpi_pm: mask: 0xffffff max_cycles: 0xffffff, max_idle_ns: 2085701024 ns
Aug 16 13:11:42 localhost kernel: pci_bus 0000:00: resource 4 [io  0x0000-0x0cf7 window]
Aug 16 13:11:42 localhost kernel: pci_bus 0000:00: resource 5 [io  0x0d00-0xffff window]
Aug 16 13:11:42 localhost kernel: pci_bus 0000:00: resource 6 [mem 0x000a0000-0x000bffff window]
Aug 16 13:11:42 localhost kernel: pci_bus 0000:00: resource 7 [mem 0xc0000000-0xfebfffff window]
Aug 16 13:11:42 localhost kernel: pci_bus 0000:00: resource 8 [mem 0x480000000-0x4ffffffff window]
Aug 16 13:11:42 localhost kernel: NET: Registered protocol family 2
Aug 16 13:11:42 localhost kernel: tcp_listen_portaddr_hash hash table entries: 16384 (order: 6, 262144 bytes)
Aug 16 13:11:42 localhost kernel: TCP established hash table entries: 262144 (order: 9, 2097152 bytes)
Aug 16 13:11:42 localhost kernel: TCP bind hash table entries: 65536 (order: 8, 1048576 bytes)
Aug 16 13:11:42 localhost kernel: TCP: Hash tables configured (established 262144 bind 65536)
Aug 16 13:11:42 localhost kernel: MPTCP token hash table entries: 32768 (order: 7, 786432 bytes)
Aug 16 13:11:42 localhost kernel: UDP hash table entries: 16384 (order: 7, 524288 bytes)
Aug 16 13:11:42 localhost kernel: UDP-Lite hash table entries: 16384 (order: 7, 524288 bytes)
Aug 16 13:11:42 localhost kernel: NET: Registered protocol family 1
Aug 16 13:11:42 localhost kernel: NET: Registered protocol family 44
Aug 16 13:11:42 localhost kernel: pci 0000:00:00.0: Limiting direct PCI/PCI transfers
Aug 16 13:11:42 localhost kernel: pci 0000:00:01.0: PIIX3: Enabling Passive Release
Aug 16 13:11:42 localhost kernel: pci 0000:00:01.0: Activating ISA DMA hang workarounds
Aug 16 13:11:42 localhost kernel: PCI Interrupt Link [LNKD] enabled at IRQ 11
Aug 16 13:11:42 localhost kernel: pci 0000:00:01.2: quirk_usb_early_handoff+0x0/0x6a0 took 32108 usecs
Aug 16 13:11:42 localhost kernel: pci 0000:00:02.0: Video device with shadowed ROM at [mem 0x000c0000-0x000dffff]
Aug 16 13:11:42 localhost kernel: PCI: CLS 0 bytes, default 64
Aug 16 13:11:42 localhost kernel: Unpacking initramfs...
Aug 16 13:11:42 localhost kernel: Freeing initrd memory: 87072K
Aug 16 13:11:42 localhost kernel: PCI-DMA: Using software bounce buffering for IO (SWIOTLB)
Aug 16 13:11:42 localhost kernel: software IO TLB: mapped [mem 0xbbfdb000-0xbffdb000] (64MB)
Aug 16 13:11:42 localhost kernel: clocksource: tsc: mask: 0xffffffffffffffff max_cycles: 0x228374dae5d, max_idle_ns: 440795268352 ns
Aug 16 13:11:42 localhost kernel: Initialise system trusted keyrings
Aug 16 13:11:42 localhost kernel: Key type blacklist registered
Aug 16 13:11:42 localhost kernel: workingset: timestamp_bits=36 max_order=23 bucket_order=0
Aug 16 13:11:42 localhost kernel: zbud: loaded
Aug 16 13:11:42 localhost kernel: pstore: using deflate compression
Aug 16 13:11:42 localhost kernel: Platform Keyring initialized
Aug 16 13:11:42 localhost kernel: NET: Registered protocol family 38
Aug 16 13:11:42 localhost kernel: Key type asymmetric registered
Aug 16 13:11:42 localhost kernel: Asymmetric key parser 'x509' registered
Aug 16 13:11:42 localhost kernel: Block layer SCSI generic (bsg) driver version 0.4 loaded (major 247)
Aug 16 13:11:42 localhost kernel: io scheduler mq-deadline registered
Aug 16 13:11:42 localhost kernel: io scheduler kyber registered
Aug 16 13:11:42 localhost kernel: io scheduler bfq registered
Aug 16 13:11:42 localhost kernel: atomic64_test: passed for x86-64 platform with CX8 and with SSE
Aug 16 13:11:42 localhost kernel: shpchp: Standard Hot Plug PCI Controller Driver version: 0.4
Aug 16 13:11:42 localhost kernel: intel_idle: Please enable MWAIT in BIOS SETUP
Aug 16 13:11:42 localhost kernel: input: Power Button as /devices/LNXSYSTM:00/LNXPWRBN:00/input/input0
Aug 16 13:11:42 localhost kernel: ACPI: Power Button [PWRF]
Aug 16 13:11:42 localhost kernel: PCI Interrupt Link [LNKC] enabled at IRQ 10
Aug 16 13:11:42 localhost kernel: PCI Interrupt Link [LNKA] enabled at IRQ 10
Aug 16 13:11:42 localhost kernel: PCI Interrupt Link [LNKB] enabled at IRQ 11
Aug 16 13:11:42 localhost kernel: Serial: 8250/16550 driver, 4 ports, IRQ sharing enabled
Aug 16 13:11:42 localhost kernel: 00:04: ttyS0 at I/O 0x3f8 (irq = 4, base_baud = 115200) is a 16550A
Aug 16 13:11:42 localhost kernel: Non-volatile memory driver v1.3
Aug 16 13:11:42 localhost kernel: rdac: device handler registered
Aug 16 13:11:42 localhost kernel: hp_sw: device handler registered
Aug 16 13:11:42 localhost kernel: emc: device handler registered
Aug 16 13:11:42 localhost kernel: alua: device handler registered
Aug 16 13:11:42 localhost kernel: libphy: Fixed MDIO Bus: probed
Aug 16 13:11:42 localhost kernel: ehci_hcd: USB 2.0 'Enhanced' Host Controller (EHCI) Driver
Aug 16 13:11:42 localhost kernel: ehci-pci: EHCI PCI platform driver
Aug 16 13:11:42 localhost kernel: ohci_hcd: USB 1.1 'Open' Host Controller (OHCI) Driver
Aug 16 13:11:42 localhost kernel: ohci-pci: OHCI PCI platform driver
Aug 16 13:11:42 localhost kernel: uhci_hcd: USB Universal Host Controller Interface driver
Aug 16 13:11:42 localhost kernel: uhci_hcd 0000:00:01.2: UHCI Host Controller
Aug 16 13:11:42 localhost kernel: uhci_hcd 0000:00:01.2: new USB bus registered, assigned bus number 1
Aug 16 13:11:42 localhost kernel: uhci_hcd 0000:00:01.2: detected 2 ports
Aug 16 13:11:42 localhost kernel: uhci_hcd 0000:00:01.2: irq 11, io base 0x0000c080
Aug 16 13:11:42 localhost kernel: usb usb1: New USB device found, idVendor=1d6b, idProduct=0001, bcdDevice= 4.18
Aug 16 13:11:42 localhost kernel: usb usb1: New USB device strings: Mfr=3, Product=2, SerialNumber=1
Aug 16 13:11:42 localhost kernel: usb usb1: Product: UHCI Host Controller
Aug 16 13:11:42 localhost kernel: usb usb1: Manufacturer: Linux 4.18.0-305.10.2.el8_4.x86_64 uhci_hcd
Aug 16 13:11:42 localhost kernel: usb usb1: SerialNumber: 0000:00:01.2
Aug 16 13:11:42 localhost kernel: hub 1-0:1.0: USB hub found
Aug 16 13:11:42 localhost kernel: hub 1-0:1.0: 2 ports detected
Aug 16 13:11:42 localhost kernel: usbcore: registered new interface driver usbserial_generic
Aug 16 13:11:42 localhost kernel: usbserial: USB Serial support registered for generic
Aug 16 13:11:42 localhost kernel: i8042: PNP: PS/2 Controller [PNP0303:KBD,PNP0f13:MOU] at 0x60,0x64 irq 1,12
Aug 16 13:11:42 localhost kernel: serio: i8042 KBD port at 0x60,0x64 irq 1
Aug 16 13:11:42 localhost kernel: serio: i8042 AUX port at 0x60,0x64 irq 12
Aug 16 13:11:42 localhost kernel: mousedev: PS/2 mouse device common for all mice
Aug 16 13:11:42 localhost kernel: input: AT Translated Set 2 keyboard as /devices/platform/i8042/serio0/input/input1
Aug 16 13:11:42 localhost kernel: rtc_cmos 00:00: RTC can wake from S4
Aug 16 13:11:42 localhost kernel: input: VirtualPS/2 VMware VMMouse as /devices/platform/i8042/serio1/input/input4
Aug 16 13:11:42 localhost kernel: input: VirtualPS/2 VMware VMMouse as /devices/platform/i8042/serio1/input/input3
Aug 16 13:11:42 localhost kernel: rtc_cmos 00:00: registered as rtc0
Aug 16 13:11:42 localhost kernel: rtc_cmos 00:00: alarms up to one day, y3k, 114 bytes nvram
Aug 16 13:11:42 localhost kernel: intel_pstate: CPU model not supported
Aug 16 13:11:42 localhost kernel: hid: raw HID events driver (C) Jiri Kosina
Aug 16 13:11:42 localhost kernel: usbcore: registered new interface driver usbhid
Aug 16 13:11:42 localhost kernel: usbhid: USB HID core driver
Aug 16 13:11:42 localhost kernel: drop_monitor: Initializing network drop monitor service
Aug 16 13:11:42 localhost kernel: Initializing XFRM netlink socket
Aug 16 13:11:42 localhost kernel: NET: Registered protocol family 10
Aug 16 13:11:42 localhost kernel: Segment Routing with IPv6
Aug 16 13:11:42 localhost kernel: NET: Registered protocol family 17
Aug 16 13:11:42 localhost kernel: mpls_gso: MPLS GSO support
Aug 16 13:11:42 localhost kernel: core: Using 10 MCE banks
Aug 16 13:11:42 localhost kernel: AVX2 version of gcm_enc/dec engaged.
Aug 16 13:11:42 localhost kernel: AES CTR mode by8 optimization enabled
Aug 16 13:11:42 localhost kernel: sched_clock: Marking stable (2637513803, 0)->(3085746569, -448232766)
Aug 16 13:11:42 localhost kernel: registered taskstats version 1
Aug 16 13:11:42 localhost kernel: Loading compiled-in X.509 certificates
Aug 16 13:11:42 localhost kernel: Loaded X.509 cert 'Red Hat Enterprise Linux kernel signing key: 06bc4db79cefe644ad5f41f726556859b570c1cd'
Aug 16 13:11:42 localhost kernel: Loaded X.509 cert 'Red Hat Enterprise Linux Driver Update Program (key 3): bf57f3e87362bc7229d9f465321773dfd1f77a80'
Aug 16 13:11:42 localhost kernel: Loaded X.509 cert 'Red Hat Enterprise Linux kpatch signing key: 4d38fd864ebe18c5f0b72e3852e2014c3a676fc8'
Aug 16 13:11:42 localhost kernel: zswap: loaded using pool lzo/zbud
Aug 16 13:11:42 localhost kernel: page_owner is disabled
Aug 16 13:11:42 localhost kernel: Key type big_key registered
Aug 16 13:11:42 localhost kernel: Key type encrypted registered
Aug 16 13:11:42 localhost kernel: ima: No TPM chip found, activating TPM-bypass!
Aug 16 13:11:42 localhost kernel: ima: Allocated hash algorithm: sha256
Aug 16 13:11:42 localhost kernel: ima: No architecture policies found
Aug 16 13:11:42 localhost kernel: evm: Initialising EVM extended attributes:
Aug 16 13:11:42 localhost kernel: evm: security.selinux
Aug 16 13:11:42 localhost kernel: evm: security.ima
Aug 16 13:11:42 localhost kernel: evm: security.capability
Aug 16 13:11:42 localhost kernel: evm: HMAC attrs: 0x1
Aug 16 13:11:42 localhost kernel: rtc_cmos 00:00: setting system clock to 2021-08-16 13:11:42 UTC (1629119502)
Aug 16 13:11:42 localhost kernel: Freeing unused decrypted memory: 2036K
Aug 16 13:11:42 localhost kernel: Freeing unused kernel memory: 2476K
Aug 16 13:11:42 localhost kernel: Write protecting the kernel read-only data: 22528k
Aug 16 13:11:42 localhost kernel: Freeing unused kernel memory: 2012K
Aug 16 13:11:42 localhost kernel: Freeing unused kernel memory: 484K
Aug 16 13:11:42 localhost systemd-journald[339]: Missed 10 kernel messages
Aug 16 13:11:42 localhost kernel: Loading iSCSI transport class v2.0-870.
Aug 16 13:11:42 localhost kernel: fuse: init (API version 7.31)
Aug 16 13:11:42 localhost systemd-journald[339]: Journal started
Aug 16 13:11:42 localhost systemd-journald[339]: Runtime journal (/run/log/journal/4a862a843a1049c9b79d9a20714e010b) is 8.0M, max 830.7M, 822.7M free.
Aug 16 13:11:42 localhost systemd-modules-load[342]: Inserted module 'fuse'
Aug 16 13:11:42 localhost systemd-modules-load[342]: Module 'msr' is builtin
Aug 16 13:11:42 localhost afterburn[337]: Aug 16 13:11:42.714 WARN kernel cmdline already specifies network arguments, skipping
Aug 16 13:11:42 localhost systemd[1]: Started dracut ask for additional cmdline parameters.
Aug 16 13:11:42 localhost systemd[1]: Starting dracut cmdline hook...
Aug 16 13:11:42 localhost systemd[1]: Started Apply Kernel Variables.
Aug 16 13:11:42 localhost dracut-cmdline[380]: dracut-48.84.202107202156-0 dracut-049-135.git20210121.el8
Aug 16 13:11:42 localhost dracut-cmdline[380]: Using kernel command line parameters: rd.driver.pre=dm_multipath BOOT_IMAGE=(hd0,gpt3)/ostree/rhcos-4db93642d1d8298df8c1c9b655ba64df137a7572854a8dbc6adc8ce6431a9cef/vmlinuz-4.18.0-305.10.2.el8_4.x86_64 random.trust_cpu=on console=tty0 console=ttyS0,115200n8 ignition.platform.id=metal ignition.firstboot ostree=/ostree/boot.1/rhcos/4db93642d1d8298df8c1c9b655ba64df137a7572854a8dbc6adc8ce6431a9cef/0 ip=ens3:dhcp
Aug 16 13:11:42 localhost systemd-journald[339]: Missed 8 kernel messages
Aug 16 13:11:42 localhost kernel: iscsi: registered transport (tcp)
Aug 16 13:11:42 localhost kernel: iscsi: registered transport (qla4xxx)
Aug 16 13:11:42 localhost kernel: QLogic iSCSI HBA Driver
Aug 16 13:11:42 localhost kernel: libcxgbi:libcxgbi_init_module: Chelsio iSCSI driver library libcxgbi v0.9.1-ko (Apr. 2015)
Aug 16 13:11:43 localhost kernel: Chelsio T4-T6 iSCSI Driver cxgb4i v0.9.5-ko (Apr. 2015)
Aug 16 13:11:43 localhost kernel: iscsi: registered transport (cxgb4i)
Aug 16 13:11:43 localhost kernel: cnic: QLogic cnicDriver v2.5.22 (July 20, 2015)
Aug 16 13:11:43 localhost kernel: QLogic NetXtreme II iSCSI Driver bnx2i v2.7.10.1 (Jul 16, 2014)
Aug 16 13:11:43 localhost kernel: iscsi: registered transport (bnx2i)
Aug 16 13:11:43 localhost kernel: iscsi: registered transport (be2iscsi)
Aug 16 13:11:43 localhost kernel: In beiscsi_module_init, tt=00000000dd69f4ff
Aug 16 13:11:43 localhost systemd[1]: Started dracut cmdline hook.
Aug 16 13:11:43 localhost systemd[1]: Starting dracut pre-udev hook...
Aug 16 13:11:43 localhost systemd-journald[339]: Missed 2 kernel messages
Aug 16 13:11:43 localhost kernel: device-mapper: uevent: version 1.0.3
Aug 16 13:11:43 localhost kernel: device-mapper: ioctl: 4.43.0-ioctl (2020-10-01) initialised: dm-devel@redhat.com
Aug 16 13:11:43 localhost systemd[1]: Started dracut pre-udev hook.
Aug 16 13:11:43 localhost systemd[1]: Starting udev Kernel Device Manager...
Aug 16 13:11:43 localhost systemd[1]: Started udev Kernel Device Manager.
Aug 16 13:11:43 localhost systemd[1]: Starting dracut pre-trigger hook...
Aug 16 13:11:43 localhost dracut-pre-trigger[538]: rd.md=0: removing MD RAID activation
Aug 16 13:11:43 localhost systemd[1]: Started dracut pre-trigger hook.
Aug 16 13:11:43 localhost systemd[1]: Starting udev Coldplug all Devices...
Aug 16 13:11:43 localhost systemd[1]: Mounting Kernel Configuration File System...
Aug 16 13:11:43 localhost systemd[1]: Mounted Kernel Configuration File System.
Aug 16 13:11:43 localhost systemd[1]: Started udev Coldplug all Devices.
Aug 16 13:11:43 localhost systemd[1]: Starting udev Wait for Complete Device Initialization...
Aug 16 13:11:43 localhost systemd-journald[339]: Missed 11 kernel messages
Aug 16 13:11:43 localhost kernel: virtio_blk virtio3: [vda] 251658240 512-byte logical blocks (129 GB/120 GiB)
Aug 16 13:11:43 localhost kernel: vda: detected capacity change from 0 to 128849018880
Aug 16 13:11:43 localhost systemd-udevd[616]: link_config: autonegotiation is unset or enabled, the speed and duplex are not writable.
Aug 16 13:11:43 localhost systemd-journald[339]: Missed 1 kernel messages
Aug 16 13:11:43 localhost kernel:  vda: vda1 vda2 vda3 vda4
Aug 16 13:11:43 localhost systemd-udevd[606]: Using default interface naming scheme 'rhel-8.0'.
Aug 16 13:11:43 localhost systemd-journald[339]: Missed 1 kernel messages
Aug 16 13:11:43 localhost kernel: libata version 3.00 loaded.
Aug 16 13:11:43 localhost systemd-udevd[606]: link_config: autonegotiation is unset or enabled, the speed and duplex are not writable.
Aug 16 13:11:43 localhost systemd-journald[339]: Missed 1 kernel messages
Aug 16 13:11:43 localhost kernel: virtio_net virtio1 ens4: renamed from eth1
Aug 16 13:11:43 localhost kernel: ata_piix 0000:00:01.1: version 2.13
Aug 16 13:11:43 localhost systemd-udevd[617]: Using default interface naming scheme 'rhel-8.0'.
Aug 16 13:11:43 localhost systemd-journald[339]: Missed 1 kernel messages
Aug 16 13:11:43 localhost kernel: scsi host0: ata_piix
Aug 16 13:11:43 localhost systemd-udevd[617]: link_config: autonegotiation is unset or enabled, the speed and duplex are not writable.
Aug 16 13:11:43 localhost systemd-journald[339]: Missed 1 kernel messages
Aug 16 13:11:43 localhost kernel: virtio_net virtio0 ens3: renamed from eth0
Aug 16 13:11:43 localhost systemd[1]: Found device /dev/disk/by-label/boot.
Aug 16 13:11:43 localhost systemd-journald[339]: Missed 1 kernel messages
Aug 16 13:11:43 localhost kernel: scsi host1: ata_piix
Aug 16 13:11:43 localhost kernel: ata1: PATA max MWDMA2 cmd 0x1f0 ctl 0x3f6 bmdma 0xc120 irq 14
Aug 16 13:11:43 localhost kernel: ata2: PATA max MWDMA2 cmd 0x170 ctl 0x376 bmdma 0xc128 irq 15
Aug 16 13:11:43 localhost systemd[1]: Starting Generate New UUID For Boot Disk GPT...
Aug 16 13:11:43 localhost coreos-gpt-setup[633]: Not randomizing disk GUID; found 484a1439-0c36-48b6-a608-d7cb27bed70d
Aug 16 13:11:43 localhost systemd[1]: Started Generate New UUID For Boot Disk GPT.
Aug 16 13:11:43 localhost systemd[1]: Starting Ignition OSTree: Regenerate Filesystem UUID (boot)...
Aug 16 13:11:43 localhost ignition-ostree-firstboot-uuid[651]: No changes required for /dev/disk/by-label/boot TYPE=ext4 UUID=2c96b48c-5e85-4aca-8bf0-8e8baacce87c
Aug 16 13:11:43 localhost systemd[1]: Started Ignition OSTree: Regenerate Filesystem UUID (boot).
Aug 16 13:11:43 localhost systemd[1]: Starting Ignition (setup user config)...
Aug 16 13:11:43 localhost systemd-journald[339]: Missed 7 kernel messages
Aug 16 13:11:43 localhost kernel: ata1.01: NODEV after polling detection
Aug 16 13:11:43 localhost kernel: ata1.00: ATAPI: QEMU DVD-ROM, 2.5+, max UDMA/100
Aug 16 13:11:43 localhost kernel: scsi 0:0:0:0: CD-ROM            QEMU     QEMU DVD-ROM     2.5+ PQ: 0 ANSI: 5
Aug 16 13:11:43 localhost kernel: EXT4-fs (vda3): mounted filesystem with ordered data mode. Opts: (null)
Aug 16 13:11:43 localhost ignition-setup-user[654]: Copying /mnt/boot_partition/ignition/config.ign to /usr/lib/ignition/user.ign
Aug 16 13:11:43 localhost systemd[1]: Started Ignition (setup user config).
Aug 16 13:11:43 localhost systemd-journald[339]: Missed 2 kernel messages
Aug 16 13:11:43 localhost kernel: scsi 0:0:0:0: Attached scsi generic sg0 type 5
Aug 16 13:11:43 localhost kernel: sr 0:0:0:0: [sr0] scsi3-mmc drive: 4x/4x cd/rw xa/form2 tray
Aug 16 13:11:43 localhost kernel: cdrom: Uniform CD-ROM driver Revision: 3.20
Aug 16 13:11:43 localhost kernel: sr 0:0:0:0: Attached scsi CD-ROM sr0
Aug 16 13:11:44 localhost systemd[1]: Started udev Wait for Complete Device Initialization.
Aug 16 13:11:44 localhost systemd[1]: Starting Device-Mapper Multipath Device Controller...
Aug 16 13:11:44 localhost systemd[1]: Started Device-Mapper Multipath Device Controller.
Aug 16 13:11:44 localhost systemd[1]: Starting Open-iSCSI...
Aug 16 13:11:44 localhost systemd[1]: Reached target Local File Systems (Pre).
Aug 16 13:11:44 localhost systemd[1]: Reached target Local File Systems.
Aug 16 13:11:44 localhost systemd[1]: Starting Create Volatile Files and Directories...
Aug 16 13:11:44 localhost multipathd[678]: --------start up--------
Aug 16 13:11:44 localhost multipathd[678]: read /etc/multipath.conf
Aug 16 13:11:44 localhost multipathd[678]: /etc/multipath.conf does not exist, blacklisting all devices.
Aug 16 13:11:44 localhost multipathd[678]: You can run "/sbin/mpathconf --enable" to create
Aug 16 13:11:44 localhost multipathd[678]: /etc/multipath.conf. See man mpathconf(8) for more details
Aug 16 13:11:44 localhost multipathd[678]: path checkers start up
Aug 16 13:11:44 localhost multipathd[678]: /etc/multipath.conf does not exist, blacklisting all devices.
Aug 16 13:11:44 localhost multipathd[678]: You can run "/sbin/mpathconf --enable" to create
Aug 16 13:11:44 localhost multipathd[678]: /etc/multipath.conf. See man mpathconf(8) for more details
Aug 16 13:11:44 localhost iscsid[679]: iscsid: can't open InitiatorName configuration file /etc/iscsi/initiatorname.iscsi
Aug 16 13:11:44 localhost iscsid[679]: iscsid: Warning: InitiatorName file /etc/iscsi/initiatorname.iscsi does not exist or does not contain a properly formatted InitiatorName. If using software iscsi (iscsi_tcp or ib_iser) or partial offload (bnx2i or cxgbi iscsi), you may not be able to log into or discover targets. Please create a file /etc/iscsi/initiatorname.iscsi that contains a sting with the format: InitiatorName=iqn.yyyy-mm.<reversed domain name>[:identifier].
Aug 16 13:11:44 localhost iscsid[679]: Example: InitiatorName=iqn.2001-04.com.redhat:fc6.
Aug 16 13:11:44 localhost iscsid[679]: If using hardware iscsi like qla4xxx this message can be ignored.
Aug 16 13:11:44 localhost iscsid[679]: iscsid: can't open InitiatorAlias configuration file /etc/iscsi/initiatorname.iscsi
Aug 16 13:11:44 localhost systemd[1]: Started Open-iSCSI.
Aug 16 13:11:44 localhost systemd[1]: Started Create Volatile Files and Directories.
Aug 16 13:11:44 localhost systemd[1]: Reached target System Initialization.
Aug 16 13:11:44 localhost systemd[1]: Reached target Basic System.
Aug 16 13:11:44 localhost systemd[1]: Starting Ignition (fetch-offline)...
Aug 16 13:11:44 localhost ignition[688]: Ignition 2.9.0
Aug 16 13:11:44 localhost ignition[688]: Stage: fetch-offline
Aug 16 13:11:44 localhost ignition[688]: reading system config file "/usr/lib/ignition/base.d/00-core.ign"
Aug 16 13:11:44 localhost ignition[688]: parsing config with SHA512: ff6a5153be363997e4d5d3ea8cc4048373a457c48c4a5b134a08a30aacd167c1e0f099f0bdf1e24c99ad180628cd02b767b863b5fe3a8fce3fe1886847eb8e2e
Aug 16 13:11:44 localhost ignition[688]: no config dir at "/usr/lib/ignition/base.platform.d/metal"
Aug 16 13:11:44 localhost ignition[688]: parsed url from cmdline: ""
Aug 16 13:11:44 localhost ignition[688]: no config URL provided
Aug 16 13:11:44 localhost ignition[688]: reading system config file "/usr/lib/ignition/user.ign"
Aug 16 13:11:44 localhost ignition[688]: parsing config with SHA512: 7ddf07e76c977c1c52151303758b3d09e8c0ca6c85f95483dd7ffa6959bc395f57017d161a921172d744f2ebfeb2e1c50c98c519d925f503ac3e917028f40c44
Aug 16 13:11:44 localhost ignition[688]: Adding "root-ca" to list of CAs
Aug 16 13:11:44 localhost ignition[688]: failed to fetch config: resource requires networking
Aug 16 13:11:44 localhost ignition[688]: Ignition finished successfully
Aug 16 13:11:44 localhost systemd[1]: Started Ignition (fetch-offline).
Aug 16 13:11:44 localhost systemd[1]: Starting CoreOS Enable Network...
Aug 16 13:11:44 localhost systemd[1]: Started CoreOS Enable Network.
Aug 16 13:11:44 localhost systemd[1]: Starting Ignition (fetch)...
Aug 16 13:11:44 localhost systemd[1]: Starting Copy CoreOS Firstboot Networking Config...
Aug 16 13:11:44 localhost systemd-journald[339]: Missed 40 kernel messages
Aug 16 13:11:44 localhost kernel: EXT4-fs (vda3): mounted filesystem with ordered data mode. Opts: (null)
Aug 16 13:11:44 localhost coreos-copy-firstboot-network[713]: info: no files to copy from /mnt/boot_partition/coreos-firstboot-network. skipping
Aug 16 13:11:44 localhost systemd[1]: Started Copy CoreOS Firstboot Networking Config.
Aug 16 13:11:44 localhost systemd[1]: Starting dracut initqueue hook...
Aug 16 13:11:44 localhost ignition[712]: Ignition 2.9.0
Aug 16 13:11:44 localhost ignition[712]: Stage: fetch
Aug 16 13:11:44 localhost ignition[712]: reading system config file "/usr/lib/ignition/base.d/00-core.ign"
Aug 16 13:11:44 localhost ignition[712]: parsing config with SHA512: ff6a5153be363997e4d5d3ea8cc4048373a457c48c4a5b134a08a30aacd167c1e0f099f0bdf1e24c99ad180628cd02b767b863b5fe3a8fce3fe1886847eb8e2e
Aug 16 13:11:44 localhost ignition[712]: no config dir at "/usr/lib/ignition/base.platform.d/metal"
Aug 16 13:11:44 localhost ignition[712]: parsed url from cmdline: ""
Aug 16 13:11:44 localhost ignition[712]: no config URL provided
Aug 16 13:11:44 localhost ignition[712]: reading system config file "/usr/lib/ignition/user.ign"
Aug 16 13:11:44 localhost ignition[712]: parsing config with SHA512: 7ddf07e76c977c1c52151303758b3d09e8c0ca6c85f95483dd7ffa6959bc395f57017d161a921172d744f2ebfeb2e1c50c98c519d925f503ac3e917028f40c44
Aug 16 13:11:44 localhost ignition[712]: Adding "root-ca" to list of CAs
Aug 16 13:11:44 localhost ignition[712]: GET https://192.168.127.109:22623/config/master: attempt #1
Aug 16 13:11:44 localhost ignition[712]: GET error: Get "https://192.168.127.109:22623/config/master": dial tcp 192.168.127.109:22623: connect: network is unreachable
Aug 16 13:11:44 localhost ignition[712]: GET https://192.168.127.109:22623/config/master: attempt #2
Aug 16 13:11:44 localhost ignition[712]: GET error: Get "https://192.168.127.109:22623/config/master": dial tcp 192.168.127.109:22623: connect: network is unreachable
Aug 16 13:11:44 localhost NetworkManager[741]: <info>  [1629119504.8744] NetworkManager (version 1.30.0-9.el8_4) is starting... (for the first time)
Aug 16 13:11:44 localhost NetworkManager[741]: <info>  [1629119504.8745] Read config: /etc/NetworkManager/NetworkManager.conf
Aug 16 13:11:44 localhost NetworkManager[741]: <info>  [1629119504.8757] auth[0x55ae98f7cea0]: create auth-manager: D-Bus connection not available. Polkit is disabled and only root will be authorized.
Aug 16 13:11:44 localhost systemd-journald[339]: Missed 17 kernel messages
Aug 16 13:11:44 localhost kernel: IPv6: ADDRCONF(NETDEV_UP): ens3: link is not ready
Aug 16 13:11:44 localhost NetworkManager[741]: <info>  [1629119504.8764] manager[0x55ae98fa7020]: monitoring kernel firmware directory '/lib/firmware'.
Aug 16 13:11:44 localhost systemd-journald[339]: Missed 1 kernel messages
Aug 16 13:11:44 localhost kernel: IPv6: ADDRCONF(NETDEV_UP): ens4: link is not ready
Aug 16 13:11:44 localhost NetworkManager[741]: <info>  [1629119504.8765] hostname: hostname: hostnamed not used as proxy creation failed with: Could not connect: No such file or directory
Aug 16 13:11:44 localhost NetworkManager[741]: <info>  [1629119504.8766] dns-mgr[0x55ae98f991d0]: init: dns=default,systemd-resolved rc-manager=symlink
Aug 16 13:11:44 localhost NetworkManager[741]: <info>  [1629119504.8776] Loaded device plugin: NMTeamFactory (/usr/lib64/NetworkManager/1.30.0-9.el8_4/libnm-device-plugin-team.so)
Aug 16 13:11:44 test-infra-cluster-6a868a5c-master-0 NetworkManager[741]: <info>  [1629119504.8776] manager: rfkill: Wi-Fi enabled by radio killswitch; enabled by state file
Aug 16 13:11:44 test-infra-cluster-6a868a5c-master-0 NetworkManager[741]: <info>  [1629119504.8776] manager: rfkill: WWAN enabled by radio killswitch; enabled by state file
Aug 16 13:11:44 test-infra-cluster-6a868a5c-master-0 NetworkManager[741]: <info>  [1629119504.8776] manager: Networking is enabled by state file
Aug 16 13:11:44 test-infra-cluster-6a868a5c-master-0 NetworkManager[741]: <info>  [1629119504.8776] dhcp-init: Using DHCP client 'internal'
Aug 16 13:11:44 test-infra-cluster-6a868a5c-master-0 NetworkManager[741]: <warn>  [1629119504.8779] ifcfg-rh: dbus: don't use D-Bus for com.redhat.ifcfgrh1 service
Aug 16 13:11:44 test-infra-cluster-6a868a5c-master-0 NetworkManager[741]: <info>  [1629119504.8779] settings: Loaded settings plugin: ifcfg-rh ("/usr/lib64/NetworkManager/1.30.0-9.el8_4/libnm-settings-plugin-ifcfg-rh.so")
Aug 16 13:11:44 test-infra-cluster-6a868a5c-master-0 NetworkManager[741]: <info>  [1629119504.8779] settings: Loaded settings plugin: keyfile (internal)
Aug 16 13:11:44 test-infra-cluster-6a868a5c-master-0 NetworkManager[741]: <info>  [1629119504.8788] device (lo): carrier: link connected
Aug 16 13:11:44 test-infra-cluster-6a868a5c-master-0 NetworkManager[741]: <info>  [1629119504.8788] manager: (lo): new Generic device (/org/freedesktop/NetworkManager/Devices/1)
Aug 16 13:11:44 test-infra-cluster-6a868a5c-master-0 NetworkManager[741]: <info>  [1629119504.8790] manager: (ens3): new Ethernet device (/org/freedesktop/NetworkManager/Devices/2)
Aug 16 13:11:44 test-infra-cluster-6a868a5c-master-0 NetworkManager[741]: <info>  [1629119504.8791] device (ens3): state change: unmanaged -> unavailable (reason 'managed', sys-iface-state: 'external')
Aug 16 13:11:44 test-infra-cluster-6a868a5c-master-0 NetworkManager[741]: <info>  [1629119504.8827] device (ens3): carrier: link connected
Aug 16 13:11:44 test-infra-cluster-6a868a5c-master-0 NetworkManager[741]: <info>  [1629119504.8832] manager: (ens4): new Ethernet device (/org/freedesktop/NetworkManager/Devices/3)
Aug 16 13:11:44 test-infra-cluster-6a868a5c-master-0 NetworkManager[741]: <info>  [1629119504.8832] device (ens4): state change: unmanaged -> unavailable (reason 'managed', sys-iface-state: 'external')
Aug 16 13:11:44 test-infra-cluster-6a868a5c-master-0 NetworkManager[741]: <info>  [1629119504.8854] device (ens4): carrier: link connected
Aug 16 13:11:44 test-infra-cluster-6a868a5c-master-0 NetworkManager[741]: <warn>  [1629119504.8856] sleep-monitor-sd: failed to acquire D-Bus proxy: Could not connect: No such file or directory
Aug 16 13:11:44 test-infra-cluster-6a868a5c-master-0 NetworkManager[741]: <info>  [1629119504.8857] device (ens3): state change: unavailable -> disconnected (reason 'none', sys-iface-state: 'managed')
Aug 16 13:11:44 test-infra-cluster-6a868a5c-master-0 NetworkManager[741]: <info>  [1629119504.8859] device (ens4): state change: unavailable -> disconnected (reason 'none', sys-iface-state: 'managed')
Aug 16 13:11:44 test-infra-cluster-6a868a5c-master-0 NetworkManager[741]: <info>  [1629119504.8862] policy: auto-activating connection 'ens3' (297cf144-cd98-4041-9494-04e86cf9e54b)
Aug 16 13:11:44 test-infra-cluster-6a868a5c-master-0 NetworkManager[741]: <info>  [1629119504.8864] device (ens3): Activation: starting connection 'ens3' (297cf144-cd98-4041-9494-04e86cf9e54b)
Aug 16 13:11:44 test-infra-cluster-6a868a5c-master-0 NetworkManager[741]: <info>  [1629119504.8864] device (ens3): state change: disconnected -> prepare (reason 'none', sys-iface-state: 'managed')
Aug 16 13:11:44 test-infra-cluster-6a868a5c-master-0 NetworkManager[741]: <info>  [1629119504.8864] manager: NetworkManager state is now CONNECTING
Aug 16 13:11:44 test-infra-cluster-6a868a5c-master-0 NetworkManager[741]: <info>  [1629119504.8864] device (ens3): state change: prepare -> config (reason 'none', sys-iface-state: 'managed')
Aug 16 13:11:44 test-infra-cluster-6a868a5c-master-0 NetworkManager[741]: <info>  [1629119504.8866] device (ens3): state change: config -> ip-config (reason 'none', sys-iface-state: 'managed')
Aug 16 13:11:44 test-infra-cluster-6a868a5c-master-0 NetworkManager[741]: <info>  [1629119504.8867] dhcp4 (ens3): activation: beginning transaction (timeout in 90 seconds)
Aug 16 13:11:44 test-infra-cluster-6a868a5c-master-0 NetworkManager[741]: <info>  [1629119504.8880] dhcp4 (ens3): state changed unknown -> bound, address=192.168.127.10
Aug 16 13:11:44 test-infra-cluster-6a868a5c-master-0 NetworkManager[741]: <info>  [1629119504.8893] device (ens3): state change: ip-config -> ip-check (reason 'none', sys-iface-state: 'managed')
Aug 16 13:11:44 test-infra-cluster-6a868a5c-master-0 NetworkManager[741]: <info>  [1629119504.8894] device (ens3): state change: ip-check -> secondaries (reason 'none', sys-iface-state: 'managed')
Aug 16 13:11:44 test-infra-cluster-6a868a5c-master-0 NetworkManager[741]: <info>  [1629119504.8894] device (ens3): state change: secondaries -> activated (reason 'none', sys-iface-state: 'managed')
Aug 16 13:11:44 test-infra-cluster-6a868a5c-master-0 NetworkManager[741]: <info>  [1629119504.8895] manager: NetworkManager state is now CONNECTED_LOCAL
Aug 16 13:11:44 test-infra-cluster-6a868a5c-master-0 NetworkManager[741]: <info>  [1629119504.8897] manager: NetworkManager state is now CONNECTED_SITE
Aug 16 13:11:44 test-infra-cluster-6a868a5c-master-0 NetworkManager[741]: <info>  [1629119504.8897] policy: set 'ens3' (ens3) as default for IPv4 routing and DNS
Aug 16 13:11:44 test-infra-cluster-6a868a5c-master-0 NetworkManager[741]: <info>  [1629119504.8898] policy: set-hostname: set hostname to 'test-infra-cluster-6a868a5c-master-0' (from DHCPv4)
Aug 16 13:11:44 test-infra-cluster-6a868a5c-master-0 NetworkManager[741]: <info>  [1629119504.8899] device (ens3): Activation: successful, device activated.
Aug 16 13:11:44 test-infra-cluster-6a868a5c-master-0 NetworkManager[741]: <info>  [1629119504.8899] manager: NetworkManager state is now CONNECTED_GLOBAL
Aug 16 13:11:44 test-infra-cluster-6a868a5c-master-0 NetworkManager[741]: <info>  [1629119504.8901] manager: startup complete
Aug 16 13:11:44 test-infra-cluster-6a868a5c-master-0 NetworkManager[741]: <info>  [1629119504.8901] quitting now that startup is complete
Aug 16 13:11:44 test-infra-cluster-6a868a5c-master-0 NetworkManager[741]: <info>  [1629119504.9035] dhcp4 (ens3): canceled DHCP transaction
Aug 16 13:11:44 test-infra-cluster-6a868a5c-master-0 NetworkManager[741]: <info>  [1629119504.9035] dhcp4 (ens3): state changed bound -> done
Aug 16 13:11:44 test-infra-cluster-6a868a5c-master-0 NetworkManager[741]: <info>  [1629119504.9035] device (ens3): DHCPv4: trying to acquire a new lease within 180 seconds
Aug 16 13:11:44 test-infra-cluster-6a868a5c-master-0 NetworkManager[741]: <info>  [1629119504.9036] manager: NetworkManager state is now CONNECTED_SITE
Aug 16 13:11:44 test-infra-cluster-6a868a5c-master-0 NetworkManager[741]: <info>  [1629119504.9037] exiting (success)
Aug 16 13:11:44 test-infra-cluster-6a868a5c-master-0 systemd[1]: Started dracut initqueue hook.
Aug 16 13:11:44 test-infra-cluster-6a868a5c-master-0 systemd[1]: Reached target Remote File Systems (Pre).
Aug 16 13:11:44 test-infra-cluster-6a868a5c-master-0 systemd[1]: Reached target Remote File Systems.
Aug 16 13:11:44 test-infra-cluster-6a868a5c-master-0 systemd[1]: Starting dracut pre-mount hook...
Aug 16 13:11:44 test-infra-cluster-6a868a5c-master-0 systemd[1]: Started dracut pre-mount hook.
Aug 16 13:11:45 test-infra-cluster-6a868a5c-master-0 ignition[712]: GET https://192.168.127.109:22623/config/master: attempt #3
Aug 16 13:11:45 test-infra-cluster-6a868a5c-master-0 ignition[712]: GET result: OK
Aug 16 13:11:45 test-infra-cluster-6a868a5c-master-0 ignition[712]: fetched referenced config at https://192.168.127.109:22623/config/master with SHA512: 14869410cafff698551b8ce82d3872128ac6dcb4821f16c162c32bd72265cf5a095d5761fd758e2466e6a65e59537f2e83dd283caacaee8378b168974c8a21c2
Aug 16 13:11:45 test-infra-cluster-6a868a5c-master-0 ignition[712]: Adding "root-ca" to list of CAs
Aug 16 13:11:45 test-infra-cluster-6a868a5c-master-0 ignition[712]: Adding "root-ca" to list of CAs
Aug 16 13:11:45 test-infra-cluster-6a868a5c-master-0 ignition[712]: fetched base config from "system"
Aug 16 13:11:45 test-infra-cluster-6a868a5c-master-0 ignition[712]: fetched user config from "system"
Aug 16 13:11:45 test-infra-cluster-6a868a5c-master-0 ignition[712]: fetched referenced user config from "/config/master"
Aug 16 13:11:45 test-infra-cluster-6a868a5c-master-0 ignition[712]: fetch: fetch complete
Aug 16 13:11:45 test-infra-cluster-6a868a5c-master-0 ignition[712]: fetch: fetch passed
Aug 16 13:11:45 test-infra-cluster-6a868a5c-master-0 ignition[712]: Ignition finished successfully
Aug 16 13:11:45 test-infra-cluster-6a868a5c-master-0 systemd[1]: Started Ignition (fetch).
Aug 16 13:11:45 test-infra-cluster-6a868a5c-master-0 systemd[1]: Starting Check for FIPS mode...
Aug 16 13:11:45 test-infra-cluster-6a868a5c-master-0 systemd[1]: Starting Ignition OSTree: Detect Partition Transposition...
Aug 16 13:11:45 test-infra-cluster-6a868a5c-master-0 systemd[1]: Starting RHCOS Check For Legacy LUKS Configuration...
Aug 16 13:11:45 test-infra-cluster-6a868a5c-master-0 systemd[1]: Started RHCOS Check For Legacy LUKS Configuration.
Aug 16 13:11:45 test-infra-cluster-6a868a5c-master-0 ignition-ostree-transposefs[767]: Detected partition replacement in fetched Ignition config: /run/ignition.json
Aug 16 13:11:45 test-infra-cluster-6a868a5c-master-0 rhcos-fips[766]: Found /etc/ignition-machine-config-encapsulated.json in Ignition config
Aug 16 13:11:45 test-infra-cluster-6a868a5c-master-0 rhcos-fips[766]: FIPS mode not requested
Aug 16 13:11:45 test-infra-cluster-6a868a5c-master-0 systemd[1]: Started Check for FIPS mode.
Aug 16 13:11:45 test-infra-cluster-6a868a5c-master-0 systemd-journald[339]: Missed 69 kernel messages
Aug 16 13:11:45 test-infra-cluster-6a868a5c-master-0 kernel: zram: Added device: zram0
Aug 16 13:11:45 test-infra-cluster-6a868a5c-master-0 kernel: zram0: detected capacity change from 0 to 10737418240
Aug 16 13:11:45 test-infra-cluster-6a868a5c-master-0 kernel: SGI XFS with ACLs, security attributes, quota, no debug enabled
Aug 16 13:11:45 test-infra-cluster-6a868a5c-master-0 kernel: XFS (zram0): Mounting V5 Filesystem
Aug 16 13:11:45 test-infra-cluster-6a868a5c-master-0 kernel: XFS (zram0): Ending clean mount
Aug 16 13:11:45 test-infra-cluster-6a868a5c-master-0 systemd[1]: Started Ignition OSTree: Detect Partition Transposition.
Aug 16 13:11:45 test-infra-cluster-6a868a5c-master-0 systemd[1]: Starting Ignition OSTree: Save Partitions...
Aug 16 13:11:45 test-infra-cluster-6a868a5c-master-0 ignition-ostree-transposefs[832]: Moving rootfs to RAM...
Aug 16 13:11:45 test-infra-cluster-6a868a5c-master-0 ignition-ostree-transposefs[832]: Mounting /dev/disk/by-label/root (/dev/disk/by-label/root) to /sysroot
Aug 16 13:11:45 test-infra-cluster-6a868a5c-master-0 ignition-ostree-transposefs[832]: mount: /sysroot: special device /dev/disk/by-label/root does not exist.
Aug 16 13:11:45 test-infra-cluster-6a868a5c-master-0 systemd[1]: ignition-ostree-transposefs-save.service: Main process exited, code=exited, status=32/n/a
Aug 16 13:11:45 test-infra-cluster-6a868a5c-master-0 systemd[1]: ignition-ostree-transposefs-save.service: Failed with result 'exit-code'.
Aug 16 13:11:45 test-infra-cluster-6a868a5c-master-0 systemd[1]: Failed to start Ignition OSTree: Save Partitions.
Aug 16 13:11:45 test-infra-cluster-6a868a5c-master-0 systemd[1]: Dependency failed for Ignition Complete.
Aug 16 13:11:45 test-infra-cluster-6a868a5c-master-0 systemd[1]: Dependency failed for Initrd Default Target.
Aug 16 13:11:45 test-infra-cluster-6a868a5c-master-0 systemd[1]: initrd.target: Job initrd.target/start failed with result 'dependency'.
Aug 16 13:11:45 test-infra-cluster-6a868a5c-master-0 systemd[1]: initrd.target: Triggering OnFailure= dependencies.
Aug 16 13:11:45 test-infra-cluster-6a868a5c-master-0 systemd[1]: ignition-complete.target: Job ignition-complete.target/start failed with result 'dependency'.
Aug 16 13:11:45 test-infra-cluster-6a868a5c-master-0 systemd[1]: ignition-ostree-transposefs-save.service: Triggering OnFailure= dependencies.
Aug 16 13:11:45 test-infra-cluster-6a868a5c-master-0 systemd[1]: clevis-luks-askpass.path: Succeeded.
Aug 16 13:11:45 test-infra-cluster-6a868a5c-master-0 systemd[1]: Stopped Forward Password Requests to Clevis Directory Watch.
Aug 16 13:11:45 test-infra-cluster-6a868a5c-master-0 systemd[1]: Stopping Ignition OSTree: Detect Partition Transposition...
Aug 16 13:11:45 test-infra-cluster-6a868a5c-master-0 systemd[1]: Stopped target Remote File Systems.
Aug 16 13:11:45 test-infra-cluster-6a868a5c-master-0 iscsid[679]: iscsid: iscsid shutting down.
Aug 16 13:11:45 test-infra-cluster-6a868a5c-master-0 systemd[1]: rhcos-fips.service: Succeeded.
Aug 16 13:11:45 test-infra-cluster-6a868a5c-master-0 systemd[1]: Stopped Check for FIPS mode.
Aug 16 13:11:45 test-infra-cluster-6a868a5c-master-0 systemd[1]: Stopped target Timers.
Aug 16 13:11:45 test-infra-cluster-6a868a5c-master-0 systemd-journald[339]: Missed 21 kernel messages
Aug 16 13:11:45 test-infra-cluster-6a868a5c-master-0 kernel: XFS (zram0): Unmounting Filesystem
Aug 16 13:11:45 test-infra-cluster-6a868a5c-master-0 systemd[1]: Stopped target Remote File Systems (Pre).
Aug 16 13:11:45 test-infra-cluster-6a868a5c-master-0 systemd[1]: rhcos-fail-boot-for-legacy-luks-config.service: Succeeded.
Aug 16 13:11:45 test-infra-cluster-6a868a5c-master-0 systemd[1]: Stopped RHCOS Check For Legacy LUKS Configuration.
Aug 16 13:11:45 test-infra-cluster-6a868a5c-master-0 systemd[1]: dracut-pre-mount.service: Succeeded.
Aug 16 13:11:45 test-infra-cluster-6a868a5c-master-0 systemd[1]: Stopped dracut pre-mount hook.
Aug 16 13:11:45 test-infra-cluster-6a868a5c-master-0 systemd[1]: dracut-initqueue.service: Succeeded.
Aug 16 13:11:45 test-infra-cluster-6a868a5c-master-0 systemd[1]: Stopped dracut initqueue hook.
Aug 16 13:11:45 test-infra-cluster-6a868a5c-master-0 systemd[1]: Stopping Open-iSCSI...
Aug 16 13:11:45 test-infra-cluster-6a868a5c-master-0 systemd[1]: coreos-copy-firstboot-network.service: Succeeded.
Aug 16 13:11:45 test-infra-cluster-6a868a5c-master-0 systemd-journald[339]: Missed 10 kernel messages
Aug 16 13:11:45 test-infra-cluster-6a868a5c-master-0 kernel: zram: Removed device: zram0
Aug 16 13:11:45 test-infra-cluster-6a868a5c-master-0 systemd[1]: Stopped Copy CoreOS Firstboot Networking Config.
Aug 16 13:11:45 test-infra-cluster-6a868a5c-master-0 systemd[1]: run-ignition\x2dostree\x2dtransposefs.mount: Succeeded.
Aug 16 13:11:45 test-infra-cluster-6a868a5c-master-0 systemd[1]: iscsid.service: Succeeded.
Aug 16 13:11:45 test-infra-cluster-6a868a5c-master-0 systemd[1]: Stopped Open-iSCSI.
Aug 16 13:11:45 test-infra-cluster-6a868a5c-master-0 systemd[1]: Stopping iSCSI UserSpace I/O driver...
Aug 16 13:11:45 test-infra-cluster-6a868a5c-master-0 systemd[1]: iscsiuio.service: Succeeded.
Aug 16 13:11:45 test-infra-cluster-6a868a5c-master-0 systemd[1]: Stopped iSCSI UserSpace I/O driver.
Aug 16 13:11:45 test-infra-cluster-6a868a5c-master-0 systemd[1]: ignition-ostree-transposefs-detect.service: Succeeded.
Aug 16 13:11:45 test-infra-cluster-6a868a5c-master-0 systemd[1]: Stopped Ignition OSTree: Detect Partition Transposition.
Aug 16 13:11:45 test-infra-cluster-6a868a5c-master-0 systemd[1]: ignition-fetch.service: Succeeded.
Aug 16 13:11:45 test-infra-cluster-6a868a5c-master-0 systemd[1]: Stopped Ignition (fetch).
Aug 16 13:11:45 test-infra-cluster-6a868a5c-master-0 systemd[1]: coreos-enable-network.service: Succeeded.
Aug 16 13:11:45 test-infra-cluster-6a868a5c-master-0 systemd[1]: Stopped CoreOS Enable Network.
Aug 16 13:11:45 test-infra-cluster-6a868a5c-master-0 systemd[1]: ignition-fetch-offline.service: Succeeded.
Aug 16 13:11:45 test-infra-cluster-6a868a5c-master-0 systemd[1]: Stopped Ignition (fetch-offline).
Aug 16 13:11:45 test-infra-cluster-6a868a5c-master-0 systemd[1]: ignition-setup-user.service: Succeeded.
Aug 16 13:11:45 test-infra-cluster-6a868a5c-master-0 systemd[1]: Stopped Ignition (setup user config).
Aug 16 13:11:45 test-infra-cluster-6a868a5c-master-0 systemd[1]: ignition-ostree-uuid-boot.service: Succeeded.
Aug 16 13:11:45 test-infra-cluster-6a868a5c-master-0 systemd[1]: Stopped Ignition OSTree: Regenerate Filesystem UUID (boot).
Aug 16 13:11:45 test-infra-cluster-6a868a5c-master-0 systemd[1]: Stopped target Basic System.
Aug 16 13:11:45 test-infra-cluster-6a868a5c-master-0 systemd[1]: Starting Dump journal to virtio port...
Aug 16 13:11:45 test-infra-cluster-6a868a5c-master-0 systemd[1]: Stopped target Sockets.
Aug 16 13:11:45 test-infra-cluster-6a868a5c-master-0 systemd[1]: iscsiuio.socket: Succeeded.
Aug 16 13:11:45 test-infra-cluster-6a868a5c-master-0 systemd[1]: Closed Open-iSCSI iscsiuio Socket.
Aug 16 13:11:45 test-infra-cluster-6a868a5c-master-0 systemd[1]: iscsid.socket: Succeeded.
Aug 16 13:11:45 test-infra-cluster-6a868a5c-master-0 systemd[1]: Closed Open-iSCSI iscsid Socket.
Aug 16 13:11:45 test-infra-cluster-6a868a5c-master-0 systemd[1]: Stopped target Slices.
Aug 16 13:11:45 test-infra-cluster-6a868a5c-master-0 ignition-virtio-dump-journal[845]: Didn't find virtio port /dev/virtio-ports/com.coreos.ignition.journal
Aug 16 13:11:45 test-infra-cluster-6a868a5c-master-0 systemd[1]: Stopped target Paths.
Aug 16 13:11:45 test-infra-cluster-6a868a5c-master-0 systemd[1]: Stopped target System Initialization.
Aug 16 13:11:45 test-infra-cluster-6a868a5c-master-0 systemd[1]: systemd-sysctl.service: Succeeded.
Aug 16 13:11:45 test-infra-cluster-6a868a5c-master-0 systemd[1]: Stopped Apply Kernel Variables.
Aug 16 13:11:45 test-infra-cluster-6a868a5c-master-0 systemd[1]: systemd-tmpfiles-setup.service: Succeeded.
Aug 16 13:11:45 test-infra-cluster-6a868a5c-master-0 systemd[1]: Stopped Create Volatile Files and Directories.
Aug 16 13:11:45 test-infra-cluster-6a868a5c-master-0 systemd[1]: systemd-modules-load.service: Succeeded.
Aug 16 13:11:45 test-infra-cluster-6a868a5c-master-0 systemd[1]: Stopped Load Kernel Modules.
Aug 16 13:11:45 test-infra-cluster-6a868a5c-master-0 systemd[1]: Stopped target Swap.
Aug 16 13:11:45 test-infra-cluster-6a868a5c-master-0 systemd[1]: Stopped target Local File Systems.
Aug 16 13:11:45 test-infra-cluster-6a868a5c-master-0 systemd[1]: Stopped target Local File Systems (Pre).
Aug 16 13:11:45 test-infra-cluster-6a868a5c-master-0 systemd[1]: Stopping Device-Mapper Multipath Device Controller...
Aug 16 13:11:45 test-infra-cluster-6a868a5c-master-0 systemd[1]: coreos-gpt-setup.service: Succeeded.
Aug 16 13:11:45 test-infra-cluster-6a868a5c-master-0 systemd[1]: Stopped Generate New UUID For Boot Disk GPT.
Aug 16 13:11:45 test-infra-cluster-6a868a5c-master-0 systemd[1]: Stopped target Local Encrypted Volumes.
Aug 16 13:11:45 test-infra-cluster-6a868a5c-master-0 systemd[1]: systemd-ask-password-console.path: Succeeded.
Aug 16 13:11:45 test-infra-cluster-6a868a5c-master-0 systemd[1]: Stopped Dispatch Password Requests to Console Directory Watch.
Aug 16 13:11:45 test-infra-cluster-6a868a5c-master-0 systemd[1]: Started Dump journal to virtio port.
Aug 16 13:11:45 test-infra-cluster-6a868a5c-master-0 multipathd[847]: Aug 16 13:11:45 | /etc/multipath.conf does not exist, blacklisting all devices.
Aug 16 13:11:45 test-infra-cluster-6a868a5c-master-0 multipathd[847]: Aug 16 13:11:45 | You can run "/sbin/mpathconf --enable" to create
Aug 16 13:11:45 test-infra-cluster-6a868a5c-master-0 multipathd[847]: Aug 16 13:11:45 | /etc/multipath.conf. See man mpathconf(8) for more details
Aug 16 13:11:45 test-infra-cluster-6a868a5c-master-0 multipathd[678]: --------shut down-------
Aug 16 13:11:45 test-infra-cluster-6a868a5c-master-0 multipathd[847]: ok
Aug 16 13:11:45 test-infra-cluster-6a868a5c-master-0 systemd[1]: multipathd.service: Succeeded.
Aug 16 13:11:45 test-infra-cluster-6a868a5c-master-0 systemd[1]: Stopped Device-Mapper Multipath Device Controller.
Aug 16 13:11:45 test-infra-cluster-6a868a5c-master-0 systemd[1]: systemd-udev-settle.service: Succeeded.
Aug 16 13:11:45 test-infra-cluster-6a868a5c-master-0 systemd[1]: Stopped udev Wait for Complete Device Initialization.
Aug 16 13:11:45 test-infra-cluster-6a868a5c-master-0 systemd[1]: systemd-udev-trigger.service: Succeeded.
Aug 16 13:11:45 test-infra-cluster-6a868a5c-master-0 systemd[1]: Stopped udev Coldplug all Devices.
Aug 16 13:11:45 test-infra-cluster-6a868a5c-master-0 systemd[1]: dracut-pre-trigger.service: Succeeded.
Aug 16 13:11:45 test-infra-cluster-6a868a5c-master-0 systemd[1]: Stopped dracut pre-trigger hook.
Aug 16 13:11:45 test-infra-cluster-6a868a5c-master-0 systemd[1]: Stopping udev Kernel Device Manager...
Aug 16 13:11:45 test-infra-cluster-6a868a5c-master-0 systemd[1]: systemd-udevd.service: Succeeded.
Aug 16 13:11:45 test-infra-cluster-6a868a5c-master-0 systemd[1]: Stopped udev Kernel Device Manager.
Aug 16 13:11:45 test-infra-cluster-6a868a5c-master-0 systemd[1]: dracut-pre-udev.service: Succeeded.
Aug 16 13:11:45 test-infra-cluster-6a868a5c-master-0 systemd[1]: Stopped dracut pre-udev hook.
Aug 16 13:11:45 test-infra-cluster-6a868a5c-master-0 systemd[1]: dracut-cmdline.service: Succeeded.
Aug 16 13:11:45 test-infra-cluster-6a868a5c-master-0 systemd[1]: Stopped dracut cmdline hook.
Aug 16 13:11:45 test-infra-cluster-6a868a5c-master-0 systemd[1]: dracut-cmdline-ask.service: Succeeded.
Aug 16 13:11:45 test-infra-cluster-6a868a5c-master-0 systemd[1]: Stopped dracut ask for additional cmdline parameters.
Aug 16 13:11:45 test-infra-cluster-6a868a5c-master-0 systemd[1]: Starting Setup Virtual Console...
Aug 16 13:11:45 test-infra-cluster-6a868a5c-master-0 systemd[1]: systemd-tmpfiles-setup-dev.service: Succeeded.
Aug 16 13:11:45 test-infra-cluster-6a868a5c-master-0 systemd[1]: Stopped Create Static Device Nodes in /dev.
Aug 16 13:11:45 test-infra-cluster-6a868a5c-master-0 systemd[1]: kmod-static-nodes.service: Succeeded.
Aug 16 13:11:45 test-infra-cluster-6a868a5c-master-0 systemd[1]: Stopped Create list of required static device nodes for the current kernel.
Aug 16 13:11:45 test-infra-cluster-6a868a5c-master-0 systemd[1]: systemd-udevd-kernel.socket: Succeeded.
Aug 16 13:11:45 test-infra-cluster-6a868a5c-master-0 systemd[1]: Closed udev Kernel Socket.
Aug 16 13:11:45 test-infra-cluster-6a868a5c-master-0 systemd[1]: systemd-udevd-control.socket: Succeeded.
Aug 16 13:11:45 test-infra-cluster-6a868a5c-master-0 systemd[1]: Closed udev Control Socket.
Aug 16 13:11:45 test-infra-cluster-6a868a5c-master-0 systemd[1]: systemd-vconsole-setup.service: Succeeded.
Aug 16 13:11:45 test-infra-cluster-6a868a5c-master-0 systemd[1]: Started Setup Virtual Console.
Aug 16 13:11:45 test-infra-cluster-6a868a5c-master-0 systemd[1]: Started Emergency Shell.
Aug 16 13:11:45 test-infra-cluster-6a868a5c-master-0 systemd[1]: Reached target Emergency Mode.
Aug 16 13:11:45 test-infra-cluster-6a868a5c-master-0 systemd[1]: Startup finished in 2.905s (kernel) + 0 (initrd) + 3.399s (userspace) = 6.305s.
Aug 16 13:32:57 test-infra-cluster-6a868a5c-master-0 systemd[1]: emergency.service: Main process exited, code=exited, status=127/n/a
Aug 16 13:32:57 test-infra-cluster-6a868a5c-master-0 systemd[1]: Started Dispatch Password Requests to Console Directory Watch.
Aug 16 13:32:57 test-infra-cluster-6a868a5c-master-0 systemd[1]: Starting Afterburn Initrd Setup Network Kernel Arguments...
Aug 16 13:32:57 test-infra-cluster-6a868a5c-master-0 systemd[1]: Listening on udev Kernel Socket.
Aug 16 13:32:57 test-infra-cluster-6a868a5c-master-0 systemd[1]: Started Memstrack Anylazing Service.
Aug 16 13:32:57 test-infra-cluster-6a868a5c-master-0 systemd[1]: Stopped target Emergency Mode.
Aug 16 13:32:57 test-infra-cluster-6a868a5c-master-0 systemd[1]: Reached target Swap.
Aug 16 13:32:57 test-infra-cluster-6a868a5c-master-0 systemd[1]: Starting Create list of required static device nodes for the current kernel...
Aug 16 13:32:57 test-infra-cluster-6a868a5c-master-0 systemd[1]: Reached target Slices.
Aug 16 13:32:57 test-infra-cluster-6a868a5c-master-0 systemd[1]: Started Forward Password Requests to Clevis Directory Watch.
Aug 16 13:32:57 test-infra-cluster-6a868a5c-master-0 systemd[1]: Listening on Open-iSCSI iscsid Socket.
Aug 16 13:32:57 test-infra-cluster-6a868a5c-master-0 systemd[1]: Listening on udev Control Socket.
Aug 16 13:32:57 test-infra-cluster-6a868a5c-master-0 systemd[1]: Reached target Paths.
Aug 16 13:32:57 test-infra-cluster-6a868a5c-master-0 systemd[1]: Listening on Open-iSCSI iscsiuio Socket.
Aug 16 13:32:57 test-infra-cluster-6a868a5c-master-0 systemd[1]: Starting iSCSI UserSpace I/O driver...
Aug 16 13:32:57 test-infra-cluster-6a868a5c-master-0 systemd[1]: Reached target Timers.
Aug 16 13:32:57 test-infra-cluster-6a868a5c-master-0 afterburn[969]: Aug 16 13:32:57.903 WARN kernel cmdline already specifies network arguments, skipping
Aug 16 13:32:57 test-infra-cluster-6a868a5c-master-0 systemd[1]: Starting Load Kernel Modules...
Aug 16 13:32:57 test-infra-cluster-6a868a5c-master-0 systemd[1]: Reached target Local Encrypted Volumes.
Aug 16 13:32:57 test-infra-cluster-6a868a5c-master-0 systemd[1]: Reached target Sockets.
Aug 16 13:32:57 test-infra-cluster-6a868a5c-master-0 systemd[1]: ignition-virtio-dump-journal.service: Succeeded.
Aug 16 13:32:57 test-infra-cluster-6a868a5c-master-0 systemd[1]: Stopped Dump journal to virtio port.
Aug 16 13:32:57 test-infra-cluster-6a868a5c-master-0 systemd[1]: afterburn-network-kargs.service: Succeeded.
Aug 16 13:32:57 test-infra-cluster-6a868a5c-master-0 systemd[1]: Started Afterburn Initrd Setup Network Kernel Arguments.
Aug 16 13:32:57 test-infra-cluster-6a868a5c-master-0 systemd[1]: emergency.service: Failed with result 'exit-code'.
Aug 16 13:32:57 test-infra-cluster-6a868a5c-master-0 systemd[1]: Stopped Emergency Shell.
Aug 16 13:32:57 test-infra-cluster-6a868a5c-master-0 systemd[1]: Starting Setup Virtual Console...
Aug 16 13:32:57 test-infra-cluster-6a868a5c-master-0 systemd[1]: Started Create list of required static device nodes for the current kernel.
Aug 16 13:32:57 test-infra-cluster-6a868a5c-master-0 systemd[1]: Starting Create Static Device Nodes in /dev...
Aug 16 13:32:57 test-infra-cluster-6a868a5c-master-0 systemd[1]: Started iSCSI UserSpace I/O driver.
Aug 16 13:32:57 test-infra-cluster-6a868a5c-master-0 systemd[1]: memstrack.service: Succeeded.
Aug 16 13:32:57 test-infra-cluster-6a868a5c-master-0 systemd[1]: Started Create Static Device Nodes in /dev.
Aug 16 13:32:57 test-infra-cluster-6a868a5c-master-0 systemd-modules-load[977]: Module 'msr' is builtin
Aug 16 13:32:57 test-infra-cluster-6a868a5c-master-0 systemd[1]: Started Load Kernel Modules.
Aug 16 13:32:58 test-infra-cluster-6a868a5c-master-0 systemd[1]: Starting Apply Kernel Variables...
Aug 16 13:32:58 test-infra-cluster-6a868a5c-master-0 systemd[1]: systemd-vconsole-setup.service: Succeeded.
Aug 16 13:32:58 test-infra-cluster-6a868a5c-master-0 systemd[1]: Started Setup Virtual Console.
Aug 16 13:32:58 test-infra-cluster-6a868a5c-master-0 systemd[1]: Starting dracut ask for additional cmdline parameters...
Aug 16 13:32:58 test-infra-cluster-6a868a5c-master-0 systemd[1]: Started dracut ask for additional cmdline parameters.
Aug 16 13:32:58 test-infra-cluster-6a868a5c-master-0 systemd[1]: Starting dracut cmdline hook...
Aug 16 13:32:58 test-infra-cluster-6a868a5c-master-0 dracut-cmdline[1008]: dracut-48.84.202107202156-0 dracut-049-135.git20210121.el8
Aug 16 13:32:58 test-infra-cluster-6a868a5c-master-0 dracut-cmdline[1008]: Using kernel command line parameters: rd.neednet=1 rd.driver.pre=dm_multipath BOOT_IMAGE=(hd0,gpt3)/ostree/rhcos-4db93642d1d8298df8c1c9b655ba64df137a7572854a8dbc6adc8ce6431a9cef/vmlinuz-4.18.0-305.10.2.el8_4.x86_64 random.trust_cpu=on console=tty0 console=ttyS0,115200n8 ignition.platform.id=metal ignition.firstboot ostree=/ostree/boot.1/rhcos/4db93642d1d8298df8c1c9b655ba64df137a7572854a8dbc6adc8ce6431a9cef/0 ip=ens3:dhcp
Aug 16 13:32:58 test-infra-cluster-6a868a5c-master-0 systemd[1]: Started Apply Kernel Variables.
Aug 16 13:32:58 test-infra-cluster-6a868a5c-master-0 systemd[1]: Started dracut cmdline hook.
Aug 16 13:32:58 test-infra-cluster-6a868a5c-master-0 systemd[1]: Starting dracut pre-udev hook...
Aug 16 13:32:58 test-infra-cluster-6a868a5c-master-0 systemd[1]: Started dracut pre-udev hook.
Aug 16 13:32:58 test-infra-cluster-6a868a5c-master-0 systemd[1]: Starting udev Kernel Device Manager...
Aug 16 13:32:58 test-infra-cluster-6a868a5c-master-0 systemd[1]: Started udev Kernel Device Manager.
Aug 16 13:32:58 test-infra-cluster-6a868a5c-master-0 systemd[1]: Starting dracut pre-trigger hook...
Aug 16 13:32:58 test-infra-cluster-6a868a5c-master-0 systemd[1]: Starting Generate New UUID For Boot Disk GPT...
Aug 16 13:32:58 test-infra-cluster-6a868a5c-master-0 dracut-pre-trigger[1148]: rd.md=0: removing MD RAID activation
Aug 16 13:32:58 test-infra-cluster-6a868a5c-master-0 coreos-gpt-setup[1149]: Not randomizing disk GUID; found 484a1439-0c36-48b6-a608-d7cb27bed70d
Aug 16 13:32:58 test-infra-cluster-6a868a5c-master-0 systemd[1]: Started Generate New UUID For Boot Disk GPT.
Aug 16 13:32:58 test-infra-cluster-6a868a5c-master-0 systemd[1]: Starting Ignition OSTree: Regenerate Filesystem UUID (boot)...
Aug 16 13:32:58 test-infra-cluster-6a868a5c-master-0 ignition-ostree-firstboot-uuid[1172]: No changes required for /dev/disk/by-label/boot TYPE=ext4 UUID=2c96b48c-5e85-4aca-8bf0-8e8baacce87c
Aug 16 13:32:58 test-infra-cluster-6a868a5c-master-0 systemd[1]: Started Ignition OSTree: Regenerate Filesystem UUID (boot).
Aug 16 13:32:58 test-infra-cluster-6a868a5c-master-0 systemd[1]: Starting Ignition (setup user config)...
Aug 16 13:32:58 test-infra-cluster-6a868a5c-master-0 systemd-journald[339]: Missed 139 kernel messages
Aug 16 13:32:58 test-infra-cluster-6a868a5c-master-0 kernel: EXT4-fs (vda3): mounted filesystem with ordered data mode. Opts: (null)
Aug 16 13:32:58 test-infra-cluster-6a868a5c-master-0 ignition-setup-user[1178]: Copying /mnt/boot_partition/ignition/config.ign to /usr/lib/ignition/user.ign
Aug 16 13:32:58 test-infra-cluster-6a868a5c-master-0 systemd[1]: Started Ignition (setup user config).
Aug 16 13:32:58 test-infra-cluster-6a868a5c-master-0 systemd[1]: Started dracut pre-trigger hook.
Aug 16 13:32:58 test-infra-cluster-6a868a5c-master-0 systemd[1]: Starting udev Coldplug all Devices...
Aug 16 13:32:58 test-infra-cluster-6a868a5c-master-0 systemd[1]: Started udev Coldplug all Devices.
Aug 16 13:32:58 test-infra-cluster-6a868a5c-master-0 systemd[1]: Starting udev Wait for Complete Device Initialization...
Aug 16 13:32:58 test-infra-cluster-6a868a5c-master-0 systemd-udevd[1225]: Using default interface naming scheme 'rhel-8.0'.
Aug 16 13:32:58 test-infra-cluster-6a868a5c-master-0 systemd-udevd[1229]: Using default interface naming scheme 'rhel-8.0'.
Aug 16 13:32:58 test-infra-cluster-6a868a5c-master-0 systemd-udevd[1225]: link_config: autonegotiation is unset or enabled, the speed and duplex are not writable.
Aug 16 13:32:58 test-infra-cluster-6a868a5c-master-0 systemd-udevd[1229]: link_config: autonegotiation is unset or enabled, the speed and duplex are not writable.
Aug 16 13:32:58 test-infra-cluster-6a868a5c-master-0 systemd-udevd[1239]: link_config: autonegotiation is unset or enabled, the speed and duplex are not writable.
Aug 16 13:32:58 test-infra-cluster-6a868a5c-master-0 systemd[1]: Started udev Wait for Complete Device Initialization.
Aug 16 13:32:58 test-infra-cluster-6a868a5c-master-0 systemd[1]: Starting Device-Mapper Multipath Device Controller...
Aug 16 13:32:58 test-infra-cluster-6a868a5c-master-0 systemd[1]: Started Device-Mapper Multipath Device Controller.
Aug 16 13:32:58 test-infra-cluster-6a868a5c-master-0 systemd[1]: Starting Open-iSCSI...
Aug 16 13:32:58 test-infra-cluster-6a868a5c-master-0 systemd[1]: Reached target Local File Systems (Pre).
Aug 16 13:32:58 test-infra-cluster-6a868a5c-master-0 systemd[1]: Reached target Local File Systems.
Aug 16 13:32:58 test-infra-cluster-6a868a5c-master-0 systemd[1]: Starting Create Volatile Files and Directories...
Aug 16 13:32:58 test-infra-cluster-6a868a5c-master-0 multipathd[1252]: --------start up--------
Aug 16 13:32:58 test-infra-cluster-6a868a5c-master-0 multipathd[1252]: read /etc/multipath.conf
Aug 16 13:32:58 test-infra-cluster-6a868a5c-master-0 multipathd[1252]: /etc/multipath.conf does not exist, blacklisting all devices.
Aug 16 13:32:58 test-infra-cluster-6a868a5c-master-0 multipathd[1252]: You can run "/sbin/mpathconf --enable" to create
Aug 16 13:32:58 test-infra-cluster-6a868a5c-master-0 multipathd[1252]: /etc/multipath.conf. See man mpathconf(8) for more details
Aug 16 13:32:58 test-infra-cluster-6a868a5c-master-0 multipathd[1252]: path checkers start up
Aug 16 13:32:58 test-infra-cluster-6a868a5c-master-0 multipathd[1252]: /etc/multipath.conf does not exist, blacklisting all devices.
Aug 16 13:32:58 test-infra-cluster-6a868a5c-master-0 multipathd[1252]: You can run "/sbin/mpathconf --enable" to create
Aug 16 13:32:58 test-infra-cluster-6a868a5c-master-0 multipathd[1252]: /etc/multipath.conf. See man mpathconf(8) for more details
Aug 16 13:32:58 test-infra-cluster-6a868a5c-master-0 systemd[1]: Started Create Volatile Files and Directories.
Aug 16 13:32:58 test-infra-cluster-6a868a5c-master-0 systemd[1]: Reached target System Initialization.
Aug 16 13:32:58 test-infra-cluster-6a868a5c-master-0 systemd[1]: Reached target Basic System.
Aug 16 13:32:58 test-infra-cluster-6a868a5c-master-0 systemd[1]: Starting Ignition (fetch-offline)...
Aug 16 13:32:58 test-infra-cluster-6a868a5c-master-0 iscsid[1253]: iscsid: can't open InitiatorName configuration file /etc/iscsi/initiatorname.iscsi
Aug 16 13:32:58 test-infra-cluster-6a868a5c-master-0 iscsid[1253]: iscsid: Warning: InitiatorName file /etc/iscsi/initiatorname.iscsi does not exist or does not contain a properly formatted InitiatorName. If using software iscsi (iscsi_tcp or ib_iser) or partial offload (bnx2i or cxgbi iscsi), you may not be able to log into or discover targets. Please create a file /etc/iscsi/initiatorname.iscsi that contains a sting with the format: InitiatorName=iqn.yyyy-mm.<reversed domain name>[:identifier].
Aug 16 13:32:58 test-infra-cluster-6a868a5c-master-0 iscsid[1253]: Example: InitiatorName=iqn.2001-04.com.redhat:fc6.
Aug 16 13:32:58 test-infra-cluster-6a868a5c-master-0 iscsid[1253]: If using hardware iscsi like qla4xxx this message can be ignored.
Aug 16 13:32:58 test-infra-cluster-6a868a5c-master-0 iscsid[1253]: iscsid: can't open InitiatorAlias configuration file /etc/iscsi/initiatorname.iscsi
Aug 16 13:32:58 test-infra-cluster-6a868a5c-master-0 systemd[1]: Started Open-iSCSI.
Aug 16 13:32:58 test-infra-cluster-6a868a5c-master-0 ignition[1262]: Ignition 2.9.0
Aug 16 13:32:58 test-infra-cluster-6a868a5c-master-0 ignition[1262]: Stage: fetch-offline
Aug 16 13:32:58 test-infra-cluster-6a868a5c-master-0 ignition[1262]: reading system config file "/usr/lib/ignition/base.d/00-core.ign"
Aug 16 13:32:58 test-infra-cluster-6a868a5c-master-0 ignition[1262]: parsing config with SHA512: ff6a5153be363997e4d5d3ea8cc4048373a457c48c4a5b134a08a30aacd167c1e0f099f0bdf1e24c99ad180628cd02b767b863b5fe3a8fce3fe1886847eb8e2e
Aug 16 13:32:58 test-infra-cluster-6a868a5c-master-0 ignition[1262]: no config dir at "/usr/lib/ignition/base.platform.d/metal"
Aug 16 13:32:58 test-infra-cluster-6a868a5c-master-0 ignition[1262]: parsed url from cmdline: ""
Aug 16 13:32:58 test-infra-cluster-6a868a5c-master-0 ignition[1262]: no config URL provided
Aug 16 13:32:58 test-infra-cluster-6a868a5c-master-0 ignition[1262]: reading system config file "/usr/lib/ignition/user.ign"
Aug 16 13:32:58 test-infra-cluster-6a868a5c-master-0 ignition[1262]: parsing config with SHA512: 7ddf07e76c977c1c52151303758b3d09e8c0ca6c85f95483dd7ffa6959bc395f57017d161a921172d744f2ebfeb2e1c50c98c519d925f503ac3e917028f40c44
Aug 16 13:32:58 test-infra-cluster-6a868a5c-master-0 ignition[1262]: Adding "root-ca" to list of CAs
Aug 16 13:32:58 test-infra-cluster-6a868a5c-master-0 ignition[1262]: failed to fetch config: resource requires networking
Aug 16 13:32:58 test-infra-cluster-6a868a5c-master-0 ignition[1262]: Ignition finished successfully
Aug 16 13:32:58 test-infra-cluster-6a868a5c-master-0 systemd[1]: Started Ignition (fetch-offline).
Aug 16 13:32:58 test-infra-cluster-6a868a5c-master-0 systemd[1]: Starting CoreOS Enable Network...
Aug 16 13:32:58 test-infra-cluster-6a868a5c-master-0 systemd[1]: Started CoreOS Enable Network.
Aug 16 13:32:58 test-infra-cluster-6a868a5c-master-0 systemd[1]: Starting Check for FIPS mode...
Aug 16 13:32:58 test-infra-cluster-6a868a5c-master-0 systemd[1]: Starting Ignition OSTree: Detect Partition Transposition...
Aug 16 13:32:58 test-infra-cluster-6a868a5c-master-0 systemd[1]: Starting RHCOS Check For Legacy LUKS Configuration...
Aug 16 13:32:58 test-infra-cluster-6a868a5c-master-0 systemd[1]: Starting Copy CoreOS Firstboot Networking Config...
Aug 16 13:32:59 test-infra-cluster-6a868a5c-master-0 systemd-journald[339]: Missed 53 kernel messages
Aug 16 13:32:59 test-infra-cluster-6a868a5c-master-0 kernel: EXT4-fs (vda3): mounted filesystem with ordered data mode. Opts: (null)
Aug 16 13:32:59 test-infra-cluster-6a868a5c-master-0 coreos-copy-firstboot-network[1285]: info: no files to copy from /mnt/boot_partition/coreos-firstboot-network. skipping
Aug 16 13:32:59 test-infra-cluster-6a868a5c-master-0 systemd[1]: Started RHCOS Check For Legacy LUKS Configuration.
Aug 16 13:32:59 test-infra-cluster-6a868a5c-master-0 systemd[1]: Started Copy CoreOS Firstboot Networking Config.
Aug 16 13:32:59 test-infra-cluster-6a868a5c-master-0 systemd[1]: Starting dracut initqueue hook...
Aug 16 13:32:59 test-infra-cluster-6a868a5c-master-0 systemd[1]: Started dracut initqueue hook.
Aug 16 13:32:59 test-infra-cluster-6a868a5c-master-0 systemd[1]: Reached target Remote File Systems (Pre).
Aug 16 13:32:59 test-infra-cluster-6a868a5c-master-0 systemd[1]: Reached target Remote File Systems.
Aug 16 13:32:59 test-infra-cluster-6a868a5c-master-0 systemd[1]: Starting dracut pre-mount hook...
Aug 16 13:32:59 test-infra-cluster-6a868a5c-master-0 systemd[1]: Started dracut pre-mount hook.
Aug 16 13:32:59 test-infra-cluster-6a868a5c-master-0 rhcos-fips[1282]: Found /etc/ignition-machine-config-encapsulated.json in Ignition config
Aug 16 13:32:59 test-infra-cluster-6a868a5c-master-0 ignition-ostree-transposefs[1283]: Detected partition replacement in fetched Ignition config: /run/ignition.json
Aug 16 13:32:59 test-infra-cluster-6a868a5c-master-0 rhcos-fips[1282]: FIPS mode not requested
Aug 16 13:32:59 test-infra-cluster-6a868a5c-master-0 systemd[1]: Started Check for FIPS mode.
Aug 16 13:32:59 test-infra-cluster-6a868a5c-master-0 systemd-journald[339]: Missed 13 kernel messages
Aug 16 13:32:59 test-infra-cluster-6a868a5c-master-0 kernel: zram: Added device: zram0
Aug 16 13:32:59 test-infra-cluster-6a868a5c-master-0 kernel: zram0: detected capacity change from 0 to 10737418240
Aug 16 13:32:59 test-infra-cluster-6a868a5c-master-0 kernel: XFS (zram0): Mounting V5 Filesystem
Aug 16 13:32:59 test-infra-cluster-6a868a5c-master-0 kernel: XFS (zram0): Ending clean mount
Aug 16 13:32:59 test-infra-cluster-6a868a5c-master-0 systemd[1]: Started Ignition OSTree: Detect Partition Transposition.
Aug 16 13:32:59 test-infra-cluster-6a868a5c-master-0 systemd[1]: Starting Ignition OSTree: Save Partitions...
Aug 16 13:32:59 test-infra-cluster-6a868a5c-master-0 ignition-ostree-transposefs[1367]: Moving rootfs to RAM...
Aug 16 13:32:59 test-infra-cluster-6a868a5c-master-0 ignition-ostree-transposefs[1367]: Mounting /dev/disk/by-label/root (/dev/disk/by-label/root) to /sysroot
Aug 16 13:32:59 test-infra-cluster-6a868a5c-master-0 ignition-ostree-transposefs[1367]: mount: /sysroot: special device /dev/disk/by-label/root does not exist.
Aug 16 13:32:59 test-infra-cluster-6a868a5c-master-0 systemd[1]: ignition-ostree-transposefs-save.service: Main process exited, code=exited, status=32/n/a
Aug 16 13:32:59 test-infra-cluster-6a868a5c-master-0 systemd[1]: ignition-ostree-transposefs-save.service: Failed with result 'exit-code'.
Aug 16 13:32:59 test-infra-cluster-6a868a5c-master-0 systemd[1]: Failed to start Ignition OSTree: Save Partitions.
Aug 16 13:32:59 test-infra-cluster-6a868a5c-master-0 systemd[1]: Dependency failed for Ignition Complete.
Aug 16 13:32:59 test-infra-cluster-6a868a5c-master-0 systemd[1]: Dependency failed for Initrd Default Target.
Aug 16 13:32:59 test-infra-cluster-6a868a5c-master-0 systemd[1]: initrd.target: Job initrd.target/start failed with result 'dependency'.
Aug 16 13:32:59 test-infra-cluster-6a868a5c-master-0 systemd[1]: initrd.target: Triggering OnFailure= dependencies.
Aug 16 13:32:59 test-infra-cluster-6a868a5c-master-0 systemd[1]: ignition-complete.target: Job ignition-complete.target/start failed with result 'dependency'.
Aug 16 13:32:59 test-infra-cluster-6a868a5c-master-0 systemd[1]: ignition-ostree-transposefs-save.service: Triggering OnFailure= dependencies.
Aug 16 13:32:59 test-infra-cluster-6a868a5c-master-0 systemd[1]: Stopped target Remote File Systems.
Aug 16 13:32:59 test-infra-cluster-6a868a5c-master-0 systemd[1]: Stopped target Timers.
Aug 16 13:32:59 test-infra-cluster-6a868a5c-master-0 systemd[1]: Stopped target Remote File Systems (Pre).
Aug 16 13:32:59 test-infra-cluster-6a868a5c-master-0 systemd[1]: clevis-luks-askpass.path: Succeeded.
Aug 16 13:32:59 test-infra-cluster-6a868a5c-master-0 systemd[1]: Stopped Forward Password Requests to Clevis Directory Watch.
Aug 16 13:32:59 test-infra-cluster-6a868a5c-master-0 systemd[1]: rhcos-fips.service: Succeeded.
Aug 16 13:32:59 test-infra-cluster-6a868a5c-master-0 systemd[1]: Stopped Check for FIPS mode.
Aug 16 13:32:59 test-infra-cluster-6a868a5c-master-0 systemd[1]: Stopping Ignition OSTree: Detect Partition Transposition...
Aug 16 13:32:59 test-infra-cluster-6a868a5c-master-0 systemd[1]: dracut-pre-mount.service: Succeeded.
Aug 16 13:32:59 test-infra-cluster-6a868a5c-master-0 systemd[1]: Stopped dracut pre-mount hook.
Aug 16 13:32:59 test-infra-cluster-6a868a5c-master-0 systemd[1]: dracut-initqueue.service: Succeeded.
Aug 16 13:32:59 test-infra-cluster-6a868a5c-master-0 systemd[1]: Stopped dracut initqueue hook.
Aug 16 13:32:59 test-infra-cluster-6a868a5c-master-0 systemd[1]: Stopping Open-iSCSI...
Aug 16 13:32:59 test-infra-cluster-6a868a5c-master-0 iscsid[1253]: iscsid: iscsid shutting down.
Aug 16 13:32:59 test-infra-cluster-6a868a5c-master-0 systemd[1]: coreos-copy-firstboot-network.service: Succeeded.
Aug 16 13:32:59 test-infra-cluster-6a868a5c-master-0 systemd[1]: Stopped Copy CoreOS Firstboot Networking Config.
Aug 16 13:32:59 test-infra-cluster-6a868a5c-master-0 systemd[1]: coreos-enable-network.service: Succeeded.
Aug 16 13:32:59 test-infra-cluster-6a868a5c-master-0 systemd[1]: Stopped CoreOS Enable Network.
Aug 16 13:32:59 test-infra-cluster-6a868a5c-master-0 systemd[1]: ignition-fetch-offline.service: Succeeded.
Aug 16 13:32:59 test-infra-cluster-6a868a5c-master-0 systemd[1]: Stopped Ignition (fetch-offline).
Aug 16 13:32:59 test-infra-cluster-6a868a5c-master-0 systemd[1]: ignition-setup-user.service: Succeeded.
Aug 16 13:32:59 test-infra-cluster-6a868a5c-master-0 systemd[1]: Stopped Ignition (setup user config).
Aug 16 13:32:59 test-infra-cluster-6a868a5c-master-0 systemd[1]: ignition-ostree-uuid-boot.service: Succeeded.
Aug 16 13:32:59 test-infra-cluster-6a868a5c-master-0 systemd[1]: Stopped Ignition OSTree: Regenerate Filesystem UUID (boot).
Aug 16 13:32:59 test-infra-cluster-6a868a5c-master-0 systemd[1]: rhcos-fail-boot-for-legacy-luks-config.service: Succeeded.
Aug 16 13:32:59 test-infra-cluster-6a868a5c-master-0 systemd[1]: Stopped RHCOS Check For Legacy LUKS Configuration.
Aug 16 13:32:59 test-infra-cluster-6a868a5c-master-0 systemd[1]: Stopped target Basic System.
Aug 16 13:32:59 test-infra-cluster-6a868a5c-master-0 systemd[1]: Starting Dump journal to virtio port...
Aug 16 13:32:59 test-infra-cluster-6a868a5c-master-0 systemd[1]: Stopped target Sockets.
Aug 16 13:32:59 test-infra-cluster-6a868a5c-master-0 systemd[1]: Stopped target Slices.
Aug 16 13:32:59 test-infra-cluster-6a868a5c-master-0 systemd[1]: Stopped target Paths.
Aug 16 13:32:59 test-infra-cluster-6a868a5c-master-0 systemd[1]: Stopped target System Initialization.
